Component: ARM Compiler 5.06 (build 20) Tool: armlink [4d35a3]

==============================================================================

Section Cross References

    ahrs.o(i.Compass_Heading) refers to f2d.o(.text) for __aeabi_f2d
    ahrs.o(i.Compass_Heading) refers to cos.o(i.cos) for cos
    ahrs.o(i.Compass_Heading) refers to d2f.o(.text) for __aeabi_d2f
    ahrs.o(i.Compass_Heading) refers to sin.o(i.sin) for sin
    ahrs.o(i.Compass_Heading) refers to fflti.o(.text) for __aeabi_i2f
    ahrs.o(i.Compass_Heading) refers to fmul.o(x$fpl$fmul) for __aeabi_fmul
    ahrs.o(i.Compass_Heading) refers to faddsub.o(x$fpl$fadd) for __aeabi_fadd
    ahrs.o(i.Compass_Heading) refers to faddsub.o(x$fpl$fsub) for __aeabi_fsub
    ahrs.o(i.Compass_Heading) refers to atan2.o(i.atan2) for atan2
    ahrs.o(i.Compass_Heading) refers to main.o(.data) for roll
    ahrs.o(i.Drift_correction) refers to fmul.o(x$fpl$fmul) for __aeabi_fmul
    ahrs.o(i.Drift_correction) refers to faddsub.o(x$fpl$fadd) for __aeabi_fadd
    ahrs.o(i.Drift_correction) refers to f2d.o(.text) for __aeabi_f2d
    ahrs.o(i.Drift_correction) refers to sqrt.o(i.sqrt) for sqrt
    ahrs.o(i.Drift_correction) refers to d2f.o(.text) for __aeabi_d2f
    ahrs.o(i.Drift_correction) refers to fdiv.o(.text) for __aeabi_fdiv
    ahrs.o(i.Drift_correction) refers to faddsub.o(x$fpl$fsub) for __aeabi_fsub
    ahrs.o(i.Drift_correction) refers to ffixi.o(.text) for __aeabi_f2iz
    ahrs.o(i.Drift_correction) refers to fflti.o(.text) for __aeabi_i2f
    ahrs.o(i.Drift_correction) refers to ahrs.o(i.constrain) for constrain
    ahrs.o(i.Drift_correction) refers to ahrs.o(i.Vector_Cross_Product) for Vector_Cross_Product
    ahrs.o(i.Drift_correction) refers to dmul.o(.text) for __aeabi_dmul
    ahrs.o(i.Drift_correction) refers to ahrs.o(i.Vector_Scale) for Vector_Scale
    ahrs.o(i.Drift_correction) refers to ahrs.o(i.Vector_Add) for Vector_Add
    ahrs.o(i.Drift_correction) refers to cos.o(i.cos) for cos
    ahrs.o(i.Drift_correction) refers to sin.o(i.sin) for sin
    ahrs.o(i.Drift_correction) refers to main.o(.bss) for Accel_Vector
    ahrs.o(i.Drift_correction) refers to main.o(.data) for DCM_Matrix
    ahrs.o(i.Drift_correction) refers to ahrs.o(.bss) for Scaled_Omega_I
    ahrs.o(i.Euler_angles) refers to f2d.o(.text) for __aeabi_f2d
    ahrs.o(i.Euler_angles) refers to asin.o(i.asin) for asin
    ahrs.o(i.Euler_angles) refers to d2f.o(.text) for __aeabi_d2f
    ahrs.o(i.Euler_angles) refers to atan2.o(i.atan2) for atan2
    ahrs.o(i.Euler_angles) refers to main.o(.data) for DCM_Matrix
    ahrs.o(i.Matrix_Multiply) refers to fmul.o(x$fpl$fmul) for __aeabi_fmul
    ahrs.o(i.Matrix_Multiply) refers to faddsub.o(x$fpl$fadd) for __aeabi_fadd
    ahrs.o(i.Matrix_update) refers to dflti.o(.text) for __aeabi_i2d
    ahrs.o(i.Matrix_update) refers to dmul.o(.text) for __aeabi_dmul
    ahrs.o(i.Matrix_update) refers to ddiv.o(.text) for __aeabi_ddiv
    ahrs.o(i.Matrix_update) refers to d2f.o(.text) for __aeabi_d2f
    ahrs.o(i.Matrix_update) refers to aeabi_sdiv.o(.text) for __aeabi_idivmod
    ahrs.o(i.Matrix_update) refers to fflti.o(.text) for __aeabi_i2f
    ahrs.o(i.Matrix_update) refers to ahrs.o(i.Vector_Add) for Vector_Add
    ahrs.o(i.Matrix_update) refers to fmul.o(x$fpl$fmul) for __aeabi_fmul
    ahrs.o(i.Matrix_update) refers to ahrs.o(i.Matrix_Multiply) for Matrix_Multiply
    ahrs.o(i.Matrix_update) refers to faddsub.o(x$fpl$fadd) for __aeabi_fadd
    ahrs.o(i.Matrix_update) refers to main.o(.data) for gyro_x
    ahrs.o(i.Matrix_update) refers to main.o(.bss) for Gyro_Vector
    ahrs.o(i.Normalize) refers to ahrs.o(i.Vector_Dot_Product) for Vector_Dot_Product
    ahrs.o(i.Normalize) refers to f2d.o(.text) for __aeabi_f2d
    ahrs.o(i.Normalize) refers to dmul.o(.text) for __aeabi_dmul
    ahrs.o(i.Normalize) refers to d2f.o(.text) for __aeabi_d2f
    ahrs.o(i.Normalize) refers to ahrs.o(i.Vector_Scale) for Vector_Scale
    ahrs.o(i.Normalize) refers to ahrs.o(i.Vector_Add) for Vector_Add
    ahrs.o(i.Normalize) refers to ahrs.o(i.Vector_Cross_Product) for Vector_Cross_Product
    ahrs.o(i.Normalize) refers to faddsub.o(x$fpl$frsb) for __aeabi_frsub
    ahrs.o(i.Normalize) refers to main.o(.data) for DCM_Matrix
    ahrs.o(i.Vector_Add) refers to faddsub.o(x$fpl$fadd) for __aeabi_fadd
    ahrs.o(i.Vector_Cross_Product) refers to fmul.o(x$fpl$fmul) for __aeabi_fmul
    ahrs.o(i.Vector_Cross_Product) refers to faddsub.o(x$fpl$fsub) for __aeabi_fsub
    ahrs.o(i.Vector_Dot_Product) refers to fmul.o(x$fpl$fmul) for __aeabi_fmul
    ahrs.o(i.Vector_Dot_Product) refers to faddsub.o(x$fpl$fadd) for __aeabi_fadd
    ahrs.o(i.Vector_Scale) refers to fmul.o(x$fpl$fmul) for __aeabi_fmul
    ahrs.o(i.constrain) refers to frlef.o(x$fpl$frleqf) for __aeabi_cfrcmple
    ahrs.o(i.constrain) refers to flef.o(x$fpl$fleqf) for __aeabi_cfcmple
[...]
    sin.o(i.__softfp_sin) refers (Special) to usenofp.o(x$fpl$usenofp) for __I$use$fp
    sin.o(i.__softfp_sin) refers to sin.o(i.sin) for sin
    sin.o(i.sin) refers (Special) to usenofp.o(x$fpl$usenofp) for __I$use$fp
    sin.o(i.sin) refers to _rserrno.o(.text) for __set_errno
    sin.o(i.sin) refers to dunder.o(i.__mathlib_dbl_invalid) for __mathlib_dbl_invalid
    sin.o(i.sin) refers to dunder.o(i.__mathlib_dbl_infnan) for __mathlib_dbl_infnan
    sin.o(i.sin) refers to rred.o(i.__ieee754_rem_pio2) for __ieee754_rem_pio2
    sin.o(i.sin) refers to cos_i.o(i.__kernel_cos) for __kernel_cos
    sin.o(i.sin) refers to sin_i.o(i.__kernel_sin) for __kernel_sin
    sin_x.o(i.____softfp_sin$lsc) refers (Special) to usenofp.o(x$fpl$usenofp) for __I$use$fp
    sin_x.o(i.____softfp_sin$lsc) refers to sin_x.o(i.__sin$lsc) for __sin$lsc
    sin_x.o(i.__sin$lsc) refers (Special) to usenofp.o(x$fpl$usenofp) for __I$use$fp
    sin_x.o(i.__sin$lsc) refers to _rserrno.o(.text) for __set_errno
    sin_x.o(i.__sin$lsc) refers to dunder.o(i.__mathlib_dbl_infnan) for __mathlib_dbl_infnan
    sin_x.o(i.__sin$lsc) refers to rred.o(i.__ieee754_rem_pio2) for __ieee754_rem_pio2
    sin_x.o(i.__sin$lsc) refers to cos_i.o(i.__kernel_cos) for __kernel_cos
    sin_x.o(i.__sin$lsc) refers to sin_i.o(i.__kernel_sin) for __kernel_sin
    sqrt.o(i.__softfp_sqrt) refers (Special) to usenofp.o(x$fpl$usenofp) for __I$use$fp
    sqrt.o(i.__softfp_sqrt) refers to dsqrt.o(.text) for _dsqrt
    sqrt.o(i.__softfp_sqrt) refers to _rserrno.o(.text) for __set_errno
    sqrt.o(i.sqrt) refers (Special) to usenofp.o(x$fpl$usenofp) for __I$use$fp
    sqrt.o(i.sqrt) refers to dsqrt.o(.text) for _dsqrt
    sqrt.o(i.sqrt) refers to _rserrno.o(.text) for __set_errno
    sqrt_x.o(i.____softfp_sqrt$lsc) refers (Special) to usenofp.o(x$fpl$usenofp) for __I$use$fp
    sqrt_x.o(i.____softfp_sqrt$lsc) refers to dlef.o(x$fpl$dleqf) for __aeabi_cdcmple
    sqrt_x.o(i.____softfp_sqrt$lsc) refers to _rserrno.o(.text) for __set_errno
    sqrt_x.o(i.____softfp_sqrt$lsc) refers to dsqrt.o(.text) for _dsqrt
    sqrt_x.o(i.__sqrt$lsc) refers (Special) to usenofp.o(x$fpl$usenofp) for __I$use$fp
    sqrt_x.o(i.__sqrt$lsc) refers to dlef.o(x$fpl$dleqf) for __aeabi_cdcmple
    sqrt_x.o(i.__sqrt$lsc) refers to _rserrno.o(.text) for __set_errno
    sqrt_x.o(i.__sqrt$lsc) refers to dsqrt.o(.text) for _dsqrt
    __rtentry.o(.ARM.Collect$$rtentry$$00000000) refers (Special) to __rtentry2.o(.ARM.Collect$$rtentry$$0000000A) for __rt_entry_li
    __rtentry.o(.ARM.Collect$$rtentry$$00000000) refers (Special) to __rtentry2.o(.ARM.Collect$$rtentry$$0000000D) for __rt_entry_main
    __rtentry.o(.ARM.Collect$$rtentry$$00000000) refers (Special) to __rtentry2.o(.ARM.Collect$$rtentry$$0000000C) for __rt_entry_postli_1
    __rtentry.o(.ARM.Collect$$rtentry$$00000000) refers (Special) to __rtentry2.o(.ARM.Collect$$rtentry$$00000009) for __rt_entry_postsh_1
    __rtentry.o(.ARM.Collect$$rtentry$$00000000) refers (Special) to __rtentry2.o(.ARM.Collect$$rtentry$$00000002) for __rt_entry_presh_1
    __rtentry.o(.ARM.Collect$$rtentry$$00000000) refers (Special) to __rtentry4.o(.ARM.Collect$$rtentry$$00000004) for __rt_entry_sh
    aeabi_idiv0_sigfpe.o(.text) refers to rt_div0.o(.text) for __rt_div0
    _rserrno.o(.text) refers to rt_errno_addr_intlibspace.o(.text) for __aeabi_errno_addr
    daddsub.o(.text) refers (Special) to usenofp.o(x$fpl$usenofp) for __I$use$fp
    dlef.o(x$fpl$dleqf) refers (Special) to usenofp.o(x$fpl$usenofp) for __I$use$fp
    dlef.o(x$fpl$dleqf) refers to dcmpin.o(.text) for __fpl_dcmp_InfNaN
    dscalbn.o(.text) refers (Special) to usenofp.o(x$fpl$usenofp) for __I$use$fp
    dsqrt.o(.text) refers (Special) to usenofp.o(x$fpl$usenofp) for __I$use$fp
    fcmpin.o(.text) refers (Special) to usenofp.o(x$fpl$usenofp) for __I$use$fp
    fcmpin.o(.text) refers to cmpret.o(.text) for __fpl_cmpreturn
    fcmpin.o(.text) refers to fnan2.o(.text) for __fpl_fcheck_NaN2
    atan.o(i.__softfp_atan) refers (Special) to usenofp.o(x$fpl$usenofp) for __I$use$fp
    atan.o(i.__softfp_atan) refers to atan.o(i.atan) for atan
    atan.o(i.atan) refers (Special) to usenofp.o(x$fpl$usenofp) for __I$use$fp
    atan.o(i.atan) refers to dunder.o(i.__mathlib_dbl_infnan) for __mathlib_dbl_infnan
    atan.o(i.atan) refers to fpclassify.o(i.__ARM_fpclassify) for __ARM_fpclassify
    atan.o(i.atan) refers to dunder.o(i.__mathlib_dbl_underflow) for __mathlib_dbl_underflow
    atan.o(i.atan) refers to daddsub.o(.text) for __aeabi_dadd
    atan.o(i.atan) refers to dscalbn.o(.text) for __ARM_scalbn
    atan.o(i.atan) refers to ddiv.o(.text) for __aeabi_ddiv
    atan.o(i.atan) refers to dmul.o(.text) for __aeabi_dmul
    atan.o(i.atan) refers to poly.o(i.__kernel_poly) for __kernel_poly
    atan.o(i.atan) refers to atan.o(.constdata) for .constdata
    atan.o(.constdata) refers (Special) to usenofp.o(x$fpl$usenofp) for __I$use$fp
    atan_x.o(i.____softfp_atan$lsc) refers (Special) to usenofp.o(x$fpl$usenofp) for __I$use$fp
    atan_x.o(i.____softfp_atan$lsc) refers to atan_x.o(i.__atan$lsc) for __atan$lsc
    atan_x.o(i.__atan$lsc) refers (Special) to usenofp.o(x$fpl$usenofp) for __I$use$fp
    atan_x.o(i.__atan$lsc) refers to dunder.o(i.__mathlib_dbl_infnan) for __mathlib_dbl_infnan
    atan_x.o(i.__atan$lsc) refers to daddsub.o(.text) for __aeabi_dadd
    atan_x.o(i.__atan$lsc) refers to dscalbn.o(.text) for __ARM_scalbn
    atan_x.o(i.__atan$lsc) refers to ddiv.o(.text) for __aeabi_ddiv
    atan_x.o(i.__atan$lsc) refers to dmul.o(.text) for __aeabi_dmul
    atan_x.o(i.__atan$lsc) refers to poly.o(i.__kernel_poly) for __kernel_poly
    atan_x.o(i.__atan$lsc) refers to atan_x.o(.constdata) for .constdata
    atan_x.o(.constdata) refers (Special) to usenofp.o(x$fpl$usenofp) for __I$use$fp
    cos_i.o(i.__kernel_cos) refers (Special) to usenofp.o(x$fpl$usenofp) for __I$use$fp
    cos_i.o(i.__kernel_cos) refers to dfixi.o(.text) for __aeabi_d2iz
    cos_i.o(i.__kernel_cos) refers to dmul.o(.text) for __aeabi_dmul
    cos_i.o(i.__kernel_cos) refers to poly.o(i.__kernel_poly) for __kernel_poly
    cos_i.o(i.__kernel_cos) refers to daddsub.o(.text) for __aeabi_dsub
    cos_i.o(i.__kernel_cos) refers to dscalbn.o(.text) for __ARM_scalbn
    cos_i.o(i.__kernel_cos) refers to cos_i.o(.constdata) for .constdata
    cos_i.o(.constdata) refers (Special) to usenofp.o(x$fpl$usenofp) for __I$use$fp
    dunder.o(i.__mathlib_dbl_divzero) refers to ddiv.o(.text) for __aeabi_ddiv
    dunder.o(i.__mathlib_dbl_infnan) refers to dscalbn.o(.text) for __ARM_scalbn
    dunder.o(i.__mathlib_dbl_infnan2) refers to daddsub.o(.text) for __aeabi_dadd
    dunder.o(i.__mathlib_dbl_invalid) refers to ddiv.o(.text) for __aeabi_ddiv
    dunder.o(i.__mathlib_dbl_overflow) refers to dscalbn.o(.text) for __ARM_scalbn
    dunder.o(i.__mathlib_dbl_posinfnan) refers to dmul.o(.text) for __aeabi_dmul
    dunder.o(i.__mathlib_dbl_underflow) refers to dscalbn.o(.text) for __ARM_scalbn
    fpclassify.o(i.__ARM_fpclassify) refers (Special) to usenofp.o(x$fpl$usenofp) for __I$use$fp
    poly.o(i.__kernel_poly) refers (Special) to usenofp.o(x$fpl$usenofp) for __I$use$fp
    poly.o(i.__kernel_poly) refers to dmul.o(.text) for __aeabi_dmul
    poly.o(i.__kernel_poly) refers to daddsub.o(.text) for __aeabi_dadd
    qnan.o(.constdata) refers (Special) to usenofp.o(x$fpl$usenofp) for __I$use$fp
    rred.o(i.__ieee754_rem_pio2) refers (Special) to usenofp.o(x$fpl$usenofp) for __I$use$fp
    rred.o(i.__ieee754_rem_pio2) refers to daddsub.o(.text) for __aeabi_dsub
    rred.o(i.__ieee754_rem_pio2) refers to dmul.o(.text) for __aeabi_dmul
    rred.o(i.__ieee754_rem_pio2) refers to dfixi.o(.text) for __aeabi_d2iz
    rred.o(i.__ieee754_rem_pio2) refers to dflti.o(.text) for __aeabi_i2d
    rred.o(i.__ieee754_rem_pio2) refers to rred.o(i.__ARM_common_ll_muluu) for __ARM_common_ll_muluu
    rred.o(i.__ieee754_rem_pio2) refers to dscalbn.o(.text) for __ARM_scalbn
    rred.o(i.__ieee754_rem_pio2) refers to rred.o(.constdata) for .constdata
    rred.o(i.__use_accurate_range_reduction) refers (Special) to usenofp.o(x$fpl$usenofp) for __I$use$fp
    rred.o(.constdata) refers (Special) to usenofp.o(x$fpl$usenofp) for __I$use$fp
    sin_i.o(i.__kernel_sin) refers (Special) to usenofp.o(x$fpl$usenofp) for __I$use$fp
    sin_i.o(i.__kernel_sin) refers to fpclassify.o(i.__ARM_fpclassify) for __ARM_fpclassify
    sin_i.o(i.__kernel_sin) refers to dunder.o(i.__mathlib_dbl_underflow) for __mathlib_dbl_underflow
    sin_i.o(i.__kernel_sin) refers to dmul.o(.text) for __aeabi_dmul
    sin_i.o(i.__kernel_sin) refers to poly.o(i.__kernel_poly) for __kernel_poly
    sin_i.o(i.__kernel_sin) refers to dscalbn.o(.text) for __ARM_scalbn
    sin_i.o(i.__kernel_sin) refers to daddsub.o(.text) for __aeabi_dsub
    sin_i.o(i.__kernel_sin) refers to sin_i.o(.constdata) for .constdata
    sin_i.o(.constdata) refers (Special) to usenofp.o(x$fpl$usenofp) for __I$use$fp
    sin_i_x.o(i.____kernel_sin$lsc) refers (Special) to usenofp.o(x$fpl$usenofp) for __I$use$fp
    sin_i_x.o(i.____kernel_sin$lsc) refers to dmul.o(.text) for __aeabi_dmul
    sin_i_x.o(i.____kernel_sin$lsc) refers to poly.o(i.__kernel_poly) for __kernel_poly
    sin_i_x.o(i.____kernel_sin$lsc) refers to dscalbn.o(.text) for __ARM_scalbn
    sin_i_x.o(i.____kernel_sin$lsc) refers to daddsub.o(.text) for __aeabi_dsub
    sin_i_x.o(i.____kernel_sin$lsc) refers to sin_i_x.o(.constdata) for .constdata
    sin_i_x.o(.constdata) refers (Special) to usenofp.o(x$fpl$usenofp) for __I$use$fp
    __rtentry2.o(.ARM.Collect$$rtentry$$00000008) refers to boardinit2.o(.text) for _platform_post_stackheap_init
    __rtentry2.o(.ARM.Collect$$rtentry$$0000000A) refers to libinit.o(.ARM.Collect$$libinit$$00000000) for __rt_lib_init
    __rtentry2.o(.ARM.Collect$$rtentry$$0000000B) refers to boardinit3.o(.text) for _platform_post_lib_init
    __rtentry2.o(.ARM.Collect$$rtentry$$0000000D) refers to main.o(i.main) for main
    __rtentry2.o(.ARM.Collect$$rtentry$$0000000D) refers to exit.o(.text) for exit
    __rtentry2.o(.ARM.exidx) refers to __rtentry2.o(.ARM.Collect$$rtentry$$00000001) for .ARM.Collect$$rtentry$$00000001
    __rtentry2.o(.ARM.exidx) refers to __rtentry2.o(.ARM.Collect$$rtentry$$00000008) for .ARM.Collect$$rtentry$$00000008
    __rtentry2.o(.ARM.exidx) refers to __rtentry2.o(.ARM.Collect$$rtentry$$0000000A) for .ARM.Collect$$rtentry$$0000000A
    __rtentry2.o(.ARM.exidx) refers to __rtentry2.o(.ARM.Collect$$rtentry$$0000000B) for .ARM.Collect$$rtentry$$0000000B
    __rtentry2.o(.ARM.exidx) refers to __rtentry2.o(.ARM.Collect$$rtentry$$0000000D) for .ARM.Collect$$rtentry$$0000000D
    __rtentry4.o(.ARM.Collect$$rtentry$$00000004) refers to sys_stackheap_outer.o(.text) for __user_setup_stackheap
    __rtentry4.o(.ARM.exidx) refers to __rtentry4.o(.ARM.Collect$$rtentry$$00000004) for .ARM.Collect$$rtentry$$00000004
    rt_div0.o(.text) refers to defsig_fpe_outer.o(.text) for __rt_SIGFPE
    rt_errno_addr.o(.text) refers to rt_errno_addr.o(.bss) for __aeabi_errno_addr_data
    rt_errno_addr_intlibspace.o(.text) refers to libspace.o(.bss) for __libspace_start
    cmpret.o(.text) refers (Special) to usenofp.o(x$fpl$usenofp) for __I$use$fp
    dcmpin.o(.text) refers (Special) to usenofp.o(x$fpl$usenofp) for __I$use$fp
    dcmpin.o(.text) refers to cmpret.o(.text) for __fpl_cmpreturn
    dcmpin.o(.text) refers to dnan2.o(.text) for __fpl_dcheck_NaN2
    dfixi.o(.text) refers (Special) to usenofp.o(x$fpl$usenofp) for __I$use$fp
    fnan2.o(.text) refers (Special) to usenofp.o(x$fpl$usenofp) for __I$use$fp
    fnan2.o(.text) refers to retnan.o(.text) for __fpl_return_NaN
    libspace.o(.text) refers to libspace.o(.bss) for __libspace_start
    sys_stackheap_outer.o(.text) refers to libspace.o(.text) for __user_perproc_libspace
    sys_stackheap_outer.o(.text) refers to startup_armcm0.o(.text) for __user_initial_stackheap
    sys_stackheap_outer.o(__vectab_stack_and_reset_area) refers to tempstk.o(.text) for __temporary_stack_top
    sys_stackheap_outer.o(__vectab_stack_and_reset_area) refers to __main.o(!!!main) for __main
    exit.o(.text) refers to rtexit.o(.ARM.Collect$$rtexit$$00000000) for __rt_exit
    defsig_fpe_outer.o(.text) refers to defsig_fpe_inner.o(.text) for __rt_SIGFPE_inner
    defsig_fpe_outer.o(.text) refers to defsig_exit.o(.text) for __sig_exit
    defsig_fpe_formal.o(.text) refers to rt_raise.o(.text) for __rt_raise
    libinit.o(.ARM.Collect$$libinit$$00000000) refers (Special) to libinit2.o(.ARM.Collect$$libinit$$0000002E) for __rt_lib_init_alloca_1
    libinit.o(.ARM.Collect$$libinit$$00000000) refers (Special) to libinit2.o(.ARM.Collect$$libinit$$0000002C) for __rt_lib_init_argv_1
    libinit.o(.ARM.Collect$$libinit$$00000000) refers (Special) to libinit2.o(.ARM.Collect$$libinit$$0000001B) for __rt_lib_init_atexit_1
    libinit.o(.ARM.Collect$$libinit$$00000000) refers (Special) to libinit2.o(.ARM.Collect$$libinit$$00000021) for __rt_lib_init_clock_1
    libinit.o(.ARM.Collect$$libinit$$00000000) refers (Special) to libinit2.o(.ARM.Collect$$libinit$$00000032) for __rt_lib_init_cpp_1
    libinit.o(.ARM.Collect$$libinit$$00000000) refers (Special) to libinit2.o(.ARM.Collect$$libinit$$00000030) for __rt_lib_init_exceptions_1
    libinit.o(.ARM.Collect$$libinit$$00000000) refers (Special) to libinit2.o(.ARM.Collect$$libinit$$00000002) for __rt_lib_init_fp_1
    libinit.o(.ARM.Collect$$libinit$$00000000) refers (Special) to libinit2.o(.ARM.Collect$$libinit$$0000001F) for __rt_lib_init_fp_trap_1
    libinit.o(.ARM.Collect$$libinit$$00000000) refers (Special) to libinit2.o(.ARM.Collect$$libinit$$00000023) for __rt_lib_init_getenv_1
    libinit.o(.ARM.Collect$$libinit$$00000000) refers (Special) to libinit2.o(.ARM.Collect$$libinit$$0000000A) for __rt_lib_init_heap_1
    libinit.o(.ARM.Collect$$libinit$$00000000) refers (Special) to libinit2.o(.ARM.Collect$$libinit$$00000011) for __rt_lib_init_lc_collate_1
    libinit.o(.ARM.Collect$$libinit$$00000000) refers (Special) to libinit2.o(.ARM.Collect$$libinit$$00000013) for __rt_lib_init_lc_ctype_1
    libinit.o(.ARM.Collect$$libinit$$00000000) refers (Special) to libinit2.o(.ARM.Collect$$libinit$$00000015) for __rt_lib_init_lc_monetary_1
    libinit.o(.ARM.Collect$$libinit$$00000000) refers (Special) to libinit2.o(.ARM.Collect$$libinit$$00000017) for __rt_lib_init_lc_numeric_1
    libinit.o(.ARM.Collect$$libinit$$00000000) refers (Special) to libinit2.o(.ARM.Collect$$libinit$$00000019) for __rt_lib_init_lc_time_1
    libinit.o(.ARM.Collect$$libinit$$00000000) refers (Special) to libinit2.o(.ARM.Collect$$libinit$$00000004) for __rt_lib_init_preinit_1
    libinit.o(.ARM.Collect$$libinit$$00000000) refers (Special) to libinit2.o(.ARM.Collect$$libinit$$0000000E) for __rt_lib_init_rand_1
    libinit.o(.ARM.Collect$$libinit$$00000000) refers (Special) to libinit2.o(.ARM.Collect$$libinit$$00000033) for __rt_lib_init_return
    libinit.o(.ARM.Collect$$libinit$$00000000) refers (Special) to libinit2.o(.ARM.Collect$$libinit$$0000001D) for __rt_lib_init_signal_1
    libinit.o(.ARM.Collect$$libinit$$00000000) refers (Special) to libinit2.o(.ARM.Collect$$libinit$$00000025) for __rt_lib_init_stdio_1
    libinit.o(.ARM.Collect$$libinit$$00000000) refers (Special) to libinit2.o(.ARM.Collect$$libinit$$0000000C) for __rt_lib_init_user_alloc_1
    dnan2.o(.text) refers (Special) to usenofp.o(x$fpl$usenofp) for __I$use$fp
    dnan2.o(.text) refers to retnan.o(.text) for __fpl_return_NaN
    retnan.o(.text) refers (Special) to usenofp.o(x$fpl$usenofp) for __I$use$fp
    retnan.o(.text) refers to cmpret.o(.text) for __fpl_cmpreturn
    rtexit.o(.ARM.Collect$$rtexit$$00000000) refers (Special) to rtexit2.o(.ARM.Collect$$rtexit$$00000004) for __rt_exit_exit
    rtexit.o(.ARM.Collect$$rtexit$$00000000) refers (Special) to rtexit2.o(.ARM.Collect$$rtexit$$00000003) for __rt_exit_ls
    rtexit.o(.ARM.Collect$$rtexit$$00000000) refers (Special) to rtexit2.o(.ARM.Collect$$rtexit$$00000002) for __rt_exit_prels_1
    rtexit.o(.ARM.exidx) refers (Special) to rtexit2.o(.ARM.Collect$$rtexit$$00000004) for __rt_exit_exit
    rtexit.o(.ARM.exidx) refers (Special) to rtexit2.o(.ARM.Collect$$rtexit$$00000003) for __rt_exit_ls
    rtexit.o(.ARM.exidx) refers (Special) to rtexit2.o(.ARM.Collect$$rtexit$$00000002) for __rt_exit_prels_1
    rtexit.o(.ARM.exidx) refers to rtexit.o(.ARM.Collect$$rtexit$$00000000) for .ARM.Collect$$rtexit$$00000000
    rt_raise.o(.text) refers to __raise.o(.text) for __raise
    rt_raise.o(.text) refers to sys_exit.o(.text) for _sys_exit
    defsig_exit.o(.text) refers to sys_exit.o(.text) for _sys_exit
    defsig_fpe_inner.o(.text) refers to defsig_general.o(.text) for __default_signal_display
    libinit2.o(.ARM.Collect$$libinit$$00000010) refers to libinit2.o(.ARM.Collect$$libinit$$0000000F) for .ARM.Collect$$libinit$$0000000F
    libinit2.o(.ARM.Collect$$libinit$$00000012) refers to libinit2.o(.ARM.Collect$$libinit$$0000000F) for .ARM.Collect$$libinit$$0000000F
    libinit2.o(.ARM.Collect$$libinit$$00000014) refers to libinit2.o(.ARM.Collect$$libinit$$0000000F) for .ARM.Collect$$libinit$$0000000F
    libinit2.o(.ARM.Collect$$libinit$$00000016) refers to libinit2.o(.ARM.Collect$$libinit$$0000000F) for .ARM.Collect$$libinit$$0000000F
    libinit2.o(.ARM.Collect$$libinit$$00000018) refers to libinit2.o(.ARM.Collect$$libinit$$0000000F) for .ARM.Collect$$libinit$$0000000F
    libinit2.o(.ARM.Collect$$libinit$$00000026) refers to argv_veneer.o(.text) for __ARM_argv_veneer
    libinit2.o(.ARM.Collect$$libinit$$00000027) refers to argv_veneer.o(.text) for __ARM_argv_veneer
    sys_exit.o(.text) refers (Special) to use_no_semi.o(.text) for __I$use$semihosting
    sys_exit.o(.text) refers (Special) to indicate_semi.o(.text) for __semihosting_library_function
    rtexit2.o(.ARM.Collect$$rtexit$$00000003) refers to libshutdown.o(.ARM.Collect$$libshutdown$$00000000) for __rt_lib_shutdown
    rtexit2.o(.ARM.Collect$$rtexit$$00000004) refers to sys_exit.o(.text) for _sys_exit
    rtexit2.o(.ARM.exidx) refers to rtexit2.o(.ARM.Collect$$rtexit$$00000001) for .ARM.Collect$$rtexit$$00000001
    rtexit2.o(.ARM.exidx) refers to rtexit2.o(.ARM.Collect$$rtexit$$00000003) for .ARM.Collect$$rtexit$$00000003
    rtexit2.o(.ARM.exidx) refers to rtexit2.o(.ARM.Collect$$rtexit$$00000004) for .ARM.Collect$$rtexit$$00000004
    __raise.o(.text) refers to defsig.o(CL$$defsig) for __default_signal_handler
    defsig_general.o(.text) refers to sys_wrch.o(.text) for _ttywrch
    sys_wrch.o(.text) refers (Special) to use_no_semi.o(.text) for __I$use$semihosting
    sys_wrch.o(.text) refers (Special) to indicate_semi.o(.text) for __semihosting_library_function
    defsig.o(CL$$defsig) refers to defsig_fpe_inner.o(.text) for __rt_SIGFPE_inner
    defsig.o(CL$$defsig) refers to defsig_rtmem_inner.o(.text) for __rt_SIGRTMEM_inner
    _get_argv_nomalloc.o(.text) refers (Special) to hrguard.o(.text) for __heap_region$guard
    _get_argv_nomalloc.o(.text) refers to defsig_rtmem_outer.o(.text) for __rt_SIGRTMEM
    _get_argv_nomalloc.o(.text) refers to sys_command.o(.text) for _sys_command_string
    libshutdown.o(.ARM.Collect$$libshutdown$$00000000) refers (Special) to libshutdown2.o(.ARM.Collect$$libshutdown$$00000002) for __rt_lib_shutdown_cpp_1
    libshutdown.o(.ARM.Collect$$libshutdown$$00000000) refers (Special) to libshutdown2.o(.ARM.Collect$$libshutdown$$00000007) for __rt_lib_shutdown_fp_trap_1
    libshutdown.o(.ARM.Collect$$libshutdown$$00000000) refers (Special) to libshutdown2.o(.ARM.Collect$$libshutdown$$0000000F) for __rt_lib_shutdown_heap_1
    libshutdown.o(.ARM.Collect$$libshutdown$$00000000) refers (Special) to libshutdown2.o(.ARM.Collect$$libshutdown$$00000010) for __rt_lib_shutdown_return
    libshutdown.o(.ARM.Collect$$libshutdown$$00000000) refers (Special) to libshutdown2.o(.ARM.Collect$$libshutdown$$0000000A) for __rt_lib_shutdown_signal_1
    libshutdown.o(.ARM.Collect$$libshutdown$$00000000) refers (Special) to libshutdown2.o(.ARM.Collect$$libshutdown$$00000004) for __rt_lib_shutdown_stdio_1
    libshutdown.o(.ARM.Collect$$libshutdown$$00000000) refers (Special) to libshutdown2.o(.ARM.Collect$$libshutdown$$0000000C) for __rt_lib_shutdown_user_alloc_1
    sys_command.o(.text) refers (Special) to use_no_semi.o(.text) for __I$use$semihosting
    sys_command.o(.text) refers (Special) to indicate_semi.o(.text) for __semihosting_library_function
    defsig_abrt_inner.o(.text) refers to defsig_general.o(.text) for __default_signal_display
    defsig_rtred_inner.o(.text) refers to defsig_general.o(.text) for __default_signal_display
    defsig_rtmem_inner.o(.text) refers to defsig_general.o(.text) for __default_signal_display
    defsig_rtmem_outer.o(.text) refers to defsig_rtmem_inner.o(.text) for __rt_SIGRTMEM_inner
    defsig_rtmem_outer.o(.text) refers to defsig_exit.o(.text) for __sig_exit
    defsig_rtmem_formal.o(.text) refers to rt_raise.o(.text) for __rt_raise
    defsig_stak_inner.o(.text) refers to defsig_general.o(.text) for __default_signal_display
    defsig_pvfn_inner.o(.text) refers to defsig_general.o(.text) for __default_signal_display
    defsig_cppl_inner.o(.text) refers to defsig_general.o(.text) for __default_signal_display
    defsig_segv_inner.o(.text) refers to defsig_general.o(.text) for __default_signal_display
    defsig_other.o(.text) refers to defsig_general.o(.text) for __default_signal_display
    rred.o(i.__ARM_common_ll_muluu) refers (Special) to usenofp.o(x$fpl$usenofp) for __I$use$fp


==============================================================================

Removing Unused input sections from the image.

    Removing main.o(i.clear_int_flag), (16 bytes).
    Removing main.o(i.sema_lock), (16 bytes).
    Removing main.o(i.sema_unlock), (16 bytes).
    Removing main.o(i.set_int_flag), (16 bytes).
    Removing main.o(i.shm_write), (36 bytes).
    Removing system_armcm0.o(.rev16_text), (4 bytes).
    Removing system_armcm0.o(.revsh_text), (4 bytes).
    Removing system_armcm0.o(i.SystemCoreClockUpdate), (16 bytes).

8 unused section(s) (total 124 bytes) removed from the image.

==============================================================================

Image Symbol Table

    Local Symbols

    Symbol Name                              Value     Ov Type        Size  Object(Section)

    RESET                                    0x00000000   Section      192  startup_armcm0.o(RESET)
    ../clib/angel/boardlib.s                 0x00000000   Number         0  boardinit1.o ABSOLUTE
    ../clib/angel/boardlib.s                 0x00000000   Number         0  boardinit2.o ABSOLUTE
    ../clib/angel/boardlib.s                 0x00000000   Number         0  boardinit3.o ABSOLUTE
    ../clib/angel/boardlib.s                 0x00000000   Number         0  boardshut.o ABSOLUTE
    ../clib/angel/handlers.s                 0x00000000   Number         0  __scatter_zi.o ABSOLUTE
    ../clib/angel/handlers.s                 0x00000000   Number         0  __scatter_copy.o ABSOLUTE
    ../clib/angel/kernel.s                   0x00000000   Number         0  rtexit2.o ABSOLUTE
    ../clib/angel/kernel.s                   0x00000000   Number         0  rtexit.o ABSOLUTE
    ../clib/angel/kernel.s                   0x00000000   Number         0  __rtentry4.o ABSOLUTE
    ../clib/angel/kernel.s                   0x00000000   Number         0  __rtentry2.o ABSOLUTE
    ../clib/angel/kernel.s                   0x00000000   Number         0  __rtentry.o ABSOLUTE
    ../clib/angel/rt.s                       0x00000000   Number         0  rt_errno_addr.o ABSOLUTE
    ../clib/angel/rt.s                       0x00000000   Number         0  aeabi_idiv0_sigfpe.o ABSOLUTE
    ../clib/angel/rt.s                       0x00000000   Number         0  aeabi_idiv0.o ABSOLUTE
    ../clib/angel/rt.s                       0x00000000   Number         0  rt_errno_addr_intlibspace.o ABSOLUTE
    ../clib/angel/rt.s                       0x00000000   Number         0  rt_div0.o ABSOLUTE
    ../clib/angel/rt.s                       0x00000000   Number         0  rt_raise.o ABSOLUTE
    ../clib/angel/scatterp.s                 0x00000000   Number         0  __scatter.o ABSOLUTE
    ../clib/angel/startup.s                  0x00000000   Number         0  __main.o ABSOLUTE
    ../clib/angel/sys.s                      0x00000000   Number         0  indicate_semi.o ABSOLUTE
    ../clib/angel/sys.s                      0x00000000   Number         0  sys_stackheap_outer.o ABSOLUTE
    ../clib/angel/sys.s                      0x00000000   Number         0  libspace.o ABSOLUTE
    ../clib/angel/sys.s                      0x00000000   Number         0  tempstk.o ABSOLUTE
    ../clib/angel/sys.s                      0x00000000   Number         0  use_no_semi.o ABSOLUTE
    ../clib/angel/sysapp.c                   0x00000000   Number         0  sys_wrch.o ABSOLUTE
    ../clib/angel/sysapp.c                   0x00000000   Number         0  sys_command.o ABSOLUTE
    ../clib/angel/sysapp.c                   0x00000000   Number         0  sys_exit.o ABSOLUTE
    ../clib/armsys.c                         0x00000000   Number         0  _get_argv_nomalloc.o ABSOLUTE
    ../clib/armsys.c                         0x00000000   Number         0  no_argv.o ABSOLUTE
    ../clib/armsys.c                         0x00000000   Number         0  argv_veneer.o ABSOLUTE
    ../clib/division.s                       0x00000000   Number         0  aeabi_sdiv.o ABSOLUTE
    ../clib/division.s                       0x00000000   Number         0  aeabi_sdiv_div0.o ABSOLUTE
    ../clib/fenv.c                           0x00000000   Number         0  _rserrno.o ABSOLUTE
    ../clib/heapalloc.c                      0x00000000   Number         0  hrguard.o ABSOLUTE
    ../clib/heapaux.c                        0x00000000   Number         0  heapauxi.o ABSOLUTE
    ../clib/libinit.s                        0x00000000   Number         0  libshutdown2.o ABSOLUTE
    ../clib/libinit.s                        0x00000000   Number         0  libinit.o ABSOLUTE
    ../clib/libinit.s                        0x00000000   Number         0  libshutdown.o ABSOLUTE
    ../clib/libinit.s                        0x00000000   Number         0  libinit2.o ABSOLUTE
    ../clib/signal.c                         0x00000000   Number         0  defsig_fpe_formal.o ABSOLUTE
    ../clib/signal.c                         0x00000000   Number         0  defsig_stak_inner.o ABSOLUTE
    ../clib/signal.c                         0x00000000   Number         0  defsig_other.o ABSOLUTE
    ../clib/signal.c                         0x00000000   Number         0  defsig_segv_inner.o ABSOLUTE
    ../clib/signal.c                         0x00000000   Number         0  defsig_cppl_inner.o ABSOLUTE
    ../clib/signal.c                         0x00000000   Number         0  defsig_pvfn_inner.o ABSOLUTE
    ../clib/signal.c                         0x00000000   Number         0  defsig_rtmem_formal.o ABSOLUTE
    ../clib/signal.c                         0x00000000   Number         0  defsig_rtmem_outer.o ABSOLUTE
    ../clib/signal.c                         0x00000000   Number         0  defsig_rtmem_inner.o ABSOLUTE
    ../clib/signal.c                         0x00000000   Number         0  defsig_rtred_inner.o ABSOLUTE
    ../clib/signal.c                         0x00000000   Number         0  defsig_abrt_inner.o ABSOLUTE
    ../clib/signal.c                         0x00000000   Number         0  defsig_fpe_outer.o ABSOLUTE
    ../clib/signal.c                         0x00000000   Number         0  defsig_general.o ABSOLUTE
    ../clib/signal.c                         0x00000000   Number         0  __raise.o ABSOLUTE
    ../clib/signal.c                         0x00000000   Number         0  defsig_fpe_inner.o ABSOLUTE
    ../clib/signal.c                         0x00000000   Number         0  defsig_exit.o ABSOLUTE
    ../clib/signal.s                         0x00000000   Number         0  defsig.o ABSOLUTE
    ../clib/stdlib.c                         0x00000000   Number         0  exit.o ABSOLUTE
    ../fplib/cfplib/cmpret.c                 0x00000000   Number         0  cmpret.o ABSOLUTE
    ../fplib/cfplib/d2f.c                    0x00000000   Number         0  d2f.o ABSOLUTE
    ../fplib/cfplib/daddsub.c                0x00000000   Number         0  daddsub.o ABSOLUTE
    ../fplib/cfplib/dcmpin.c                 0x00000000   Number         0  dcmpin.o ABSOLUTE
    ../fplib/cfplib/ddiv.c                   0x00000000   Number         0  ddiv.o ABSOLUTE
    ../fplib/cfplib/dmul.c                   0x00000000   Number         0  dmul.o ABSOLUTE
    ../fplib/cfplib/dsqrt.c                  0x00000000   Number         0  dsqrt.o ABSOLUTE
    ../fplib/cfplib/f2d.c                    0x00000000   Number         0  f2d.o ABSOLUTE
    ../fplib/cfplib/fcmpin.c                 0x00000000   Number         0  fcmpin.o ABSOLUTE
    ../fplib/cfplib/fdiv.c                   0x00000000   Number         0  fdiv.o ABSOLUTE
    ../fplib/cfplib/ffix.c                   0x00000000   Number         0  dfixi.o ABSOLUTE
    ../fplib/cfplib/ffix.c                   0x00000000   Number         0  ffixi.o ABSOLUTE
    ../fplib/cfplib/fflt.c                   0x00000000   Number         0  fflti.o ABSOLUTE
    ../fplib/cfplib/fflt.c                   0x00000000   Number         0  dflti.o ABSOLUTE
    ../fplib/cfplib/fpinit.c                 0x00000000   Number         0  fpinit.o ABSOLUTE
    ../fplib/cfplib/nan2.c                   0x00000000   Number         0  dnan2.o ABSOLUTE
    ../fplib/cfplib/nan2.c                   0x00000000   Number         0  fnan2.o ABSOLUTE
    ../fplib/cfplib/retnan.c                 0x00000000   Number         0  retnan.o ABSOLUTE
    ../fplib/cfplib/scalbn.c                 0x00000000   Number         0  dscalbn.o ABSOLUTE
    ../fplib/dleqf6m.s                       0x00000000   Number         0  dlef.o ABSOLUTE
    ../fplib/faddsub6m.s                     0x00000000   Number         0  faddsub.o ABSOLUTE
    ../fplib/fleqf6m.s                       0x00000000   Number         0  flef.o ABSOLUTE
    ../fplib/fmul6m.s                        0x00000000   Number         0  fmul.o ABSOLUTE
    ../fplib/frleqf6m.s                      0x00000000   Number         0  frlef.o ABSOLUTE
    ../fplib/usenofp.s                       0x00000000   Number         0  usenofp.o ABSOLUTE
    ../mathlib/asin.c                        0x00000000   Number         0  asin_x.o ABSOLUTE
    ../mathlib/asin.c                        0x00000000   Number         0  asin.o ABSOLUTE
    ../mathlib/atan.c                        0x00000000   Number         0  atan_x.o ABSOLUTE
    ../mathlib/atan.c                        0x00000000   Number         0  atan.o ABSOLUTE
    ../mathlib/atan2.c                       0x00000000   Number         0  atan2_x.o ABSOLUTE
    ../mathlib/atan2.c                       0x00000000   Number         0  atan2.o ABSOLUTE
    ../mathlib/cos.c                         0x00000000   Number         0  cos.o ABSOLUTE
    ../mathlib/cos.c                         0x00000000   Number         0  cos_x.o ABSOLUTE
    ../mathlib/cos_i.c                       0x00000000   Number         0  cos_i.o ABSOLUTE
    ../mathlib/dunder.c                      0x00000000   Number         0  dunder.o ABSOLUTE
    ../mathlib/fpclassify.c                  0x00000000   Number         0  fpclassify.o ABSOLUTE
    ../mathlib/poly.c                        0x00000000   Number         0  poly.o ABSOLUTE
    ../mathlib/qnan.c                        0x00000000   Number         0  qnan.o ABSOLUTE
    ../mathlib/rred.c                        0x00000000   Number         0  rred.o ABSOLUTE
    ../mathlib/sin.c                         0x00000000   Number         0  sin.o ABSOLUTE
    ../mathlib/sin.c                         0x00000000   Number         0  sin_x.o ABSOLUTE
    ../mathlib/sin_i.c                       0x00000000   Number         0  sin_i_x.o ABSOLUTE
    ../mathlib/sin_i.c                       0x00000000   Number         0  sin_i.o ABSOLUTE
    ../mathlib/sqrt.c                        0x00000000   Number         0  sqrt.o ABSOLUTE
    ../mathlib/sqrt.c                        0x00000000   Number         0  sqrt_x.o ABSOLUTE
    AHRS.c                                   0x00000000   Number         0  ahrs.o ABSOLUTE
    RTE\Device\ARMCM0\startup_ARMCM0.s       0x00000000   Number         0  startup_armcm0.o ABSOLUTE
    RTE\Device\ARMCM0\system_ARMCM0.c        0x00000000   Number         0  system_armcm0.o ABSOLUTE
    RTE\\Device\\ARMCM0\\system_ARMCM0.c     0x00000000   Number         0  system_armcm0.o ABSOLUTE
    dc.s                                     0x00000000   Number         0  dc.o ABSOLUTE
    main.c                                   0x00000000   Number         0  main.o ABSOLUTE
    !!!main                                  0x000000c0   Section        8  __main.o(!!!main)
    !!!scatter                               0x000000c8   Section       60  __scatter.o(!!!scatter)
    !!handler_copy                           0x00000104   Section       26  __scatter_copy.o(!!handler_copy)
    !!handler_zi                             0x00000120   Section       28  __scatter_zi.o(!!handler_zi)
    .ARM.Collect$$libinit$$00000000          0x0000013c   Section        2  libinit.o(.ARM.Collect$$libinit$$00000000)
    .ARM.Collect$$libinit$$00000002          0x0000013e   Section        0  libinit2.o(.ARM.Collect$$libinit$$00000002)
    .ARM.Collect$$libinit$$00000004          0x0000013e   Section        0  libinit2.o(.ARM.Collect$$libinit$$00000004)
    .ARM.Collect$$libinit$$0000000A          0x0000013e   Section        0  libinit2.o(.ARM.Collect$$libinit$$0000000A)
    .ARM.Collect$$libinit$$0000000C          0x0000013e   Section        0  libinit2.o(.ARM.Collect$$libinit$$0000000C)
    .ARM.Collect$$libinit$$0000000E          0x0000013e   Section        0  libinit2.o(.ARM.Collect$$libinit$$0000000E)
    .ARM.Collect$$libinit$$00000011          0x0000013e   Section        0  libinit2.o(.ARM.Collect$$libinit$$00000011)
    .ARM.Collect$$libinit$$00000013          0x0000013e   Section        0  libinit2.o(.ARM.Collect$$libinit$$00000013)
    .ARM.Collect$$libinit$$00000015          0x0000013e   Section        0  libinit2.o(.ARM.Collect$$libinit$$00000015)
    .ARM.Collect$$libinit$$00000017          0x0000013e   Section        0  libinit2.o(.ARM.Collect$$libinit$$00000017)
    .ARM.Collect$$libinit$$00000019          0x0000013e   Section        0  libinit2.o(.ARM.Collect$$libinit$$00000019)
    .ARM.Collect$$libinit$$0000001B          0x0000013e   Section        0  libinit2.o(.ARM.Collect$$libinit$$0000001B)
    .ARM.Collect$$libinit$$0000001D          0x0000013e   Section        0  libinit2.o(.ARM.Collect$$libinit$$0000001D)
    .ARM.Collect$$libinit$$0000001F          0x0000013e   Section        0  libinit2.o(.ARM.Collect$$libinit$$0000001F)
    .ARM.Collect$$libinit$$00000021          0x0000013e   Section        0  libinit2.o(.ARM.Collect$$libinit$$00000021)
    .ARM.Collect$$libinit$$00000023          0x0000013e   Section        0  libinit2.o(.ARM.Collect$$libinit$$00000023)
    .ARM.Collect$$libinit$$00000025          0x0000013e   Section        0  libinit2.o(.ARM.Collect$$libinit$$00000025)
    .ARM.Collect$$libinit$$0000002C          0x0000013e   Section        0  libinit2.o(.ARM.Collect$$libinit$$0000002C)
    .ARM.Collect$$libinit$$0000002E          0x0000013e   Section        0  libinit2.o(.ARM.Collect$$libinit$$0000002E)
    .ARM.Collect$$libinit$$00000030          0x0000013e   Section        0  libinit2.o(.ARM.Collect$$libinit$$00000030)
    .ARM.Collect$$libinit$$00000032          0x0000013e   Section        0  libinit2.o(.ARM.Collect$$libinit$$00000032)
    .ARM.Collect$$libinit$$00000033          0x0000013e   Section        2  libinit2.o(.ARM.Collect$$libinit$$00000033)
    .ARM.Collect$$libshutdown$$00000000      0x00000140   Section        2  libshutdown.o(.ARM.Collect$$libshutdown$$00000000)
    .ARM.Collect$$libshutdown$$00000002      0x00000142   Section        0  libshutdown2.o(.ARM.Collect$$libshutdown$$00000002)
    .ARM.Collect$$libshutdown$$00000004      0x00000142   Section        0  libshutdown2.o(.ARM.Collect$$libshutdown$$00000004)
    .ARM.Collect$$libshutdown$$00000007      0x00000142   Section        0  libshutdown2.o(.ARM.Collect$$libshutdown$$00000007)
    .ARM.Collect$$libshutdown$$0000000A      0x00000142   Section        0  libshutdown2.o(.ARM.Collect$$libshutdown$$0000000A)
    .ARM.Collect$$libshutdown$$0000000C      0x00000142   Section        0  libshutdown2.o(.ARM.Collect$$libshutdown$$0000000C)
    .ARM.Collect$$libshutdown$$0000000F      0x00000142   Section        0  libshutdown2.o(.ARM.Collect$$libshutdown$$0000000F)
    .ARM.Collect$$libshutdown$$00000010      0x00000142   Section        2  libshutdown2.o(.ARM.Collect$$libshutdown$$00000010)
    .ARM.Collect$$rtentry$$00000000          0x00000144   Section        0  __rtentry.o(.ARM.Collect$$rtentry$$00000000)
    .ARM.Collect$$rtentry$$00000002          0x00000144   Section        0  __rtentry2.o(.ARM.Collect$$rtentry$$00000002)
    .ARM.Collect$$rtentry$$00000004          0x00000144   Section        6  __rtentry4.o(.ARM.Collect$$rtentry$$00000004)
    .ARM.Collect$$rtentry$$00000009          0x0000014a   Section        0  __rtentry2.o(.ARM.Collect$$rtentry$$00000009)
    .ARM.Collect$$rtentry$$0000000A          0x0000014a   Section        4  __rtentry2.o(.ARM.Collect$$rtentry$$0000000A)
    .ARM.Collect$$rtentry$$0000000C          0x0000014e   Section        0  __rtentry2.o(.ARM.Collect$$rtentry$$0000000C)
    .ARM.Collect$$rtentry$$0000000D          0x0000014e   Section        8  __rtentry2.o(.ARM.Collect$$rtentry$$0000000D)
    .ARM.Collect$$rtexit$$00000000           0x00000156   Section        2  rtexit.o(.ARM.Collect$$rtexit$$00000000)
    .ARM.Collect$$rtexit$$00000002           0x00000158   Section        0  rtexit2.o(.ARM.Collect$$rtexit$$00000002)
    .ARM.Collect$$rtexit$$00000003           0x00000158   Section        4  rtexit2.o(.ARM.Collect$$rtexit$$00000003)
    .ARM.Collect$$rtexit$$00000004           0x0000015c   Section        6  rtexit2.o(.ARM.Collect$$rtexit$$00000004)
    .text                                    0x00000164   Section       56  startup_armcm0.o(.text)
    .text                                    0x0000019c   Section      346  aeabi_sdiv.o(.text)
    .text                                    0x000002f6   Section        0  heapauxi.o(.text)
    .text                                    0x000002fc   Section        0  d2f.o(.text)
    .text                                    0x00000378   Section        0  ddiv.o(.text)
    .text                                    0x000007c0   Section        0  dflti.o(.text)
    .text                                    0x00000818   Section        0  dmul.o(.text)
    .text                                    0x00000a60   Section        0  f2d.o(.text)
    .text                                    0x00000ab4   Section        0  fdiv.o(.text)
    .text                                    0x00000c14   Section        0  ffixi.o(.text)
    .text                                    0x00000c60   Section        0  fflti.o(.text)
    .text                                    0x00000cbe   Section        0  _rserrno.o(.text)
    .text                                    0x00000cd4   Section        0  daddsub.o(.text)
    _dadd1                                   0x00000cd5   Thumb Code   290  daddsub.o(.text)
    _dsub1                                   0x00000df7   Thumb Code   470  daddsub.o(.text)
    .text                                    0x0000102c   Section        0  dscalbn.o(.text)
    .text                                    0x0000108c   Section        0  dsqrt.o(.text)
    .text                                    0x0000118c   Section        0  fcmpin.o(.text)
    .text                                    0x000011f0   Section        8  rt_errno_addr_intlibspace.o(.text)
    .text                                    0x000011f8   Section        0  cmpret.o(.text)
    .text                                    0x00001228   Section        0  dfixi.o(.text)
    .text                                    0x00001294   Section        0  fnan2.o(.text)
    .text                                    0x000012a4   Section        8  libspace.o(.text)
    .text                                    0x000012ac   Section       62  sys_stackheap_outer.o(.text)
    .text                                    0x000012ea   Section        0  exit.o(.text)
    .text                                    0x000012fa   Section        0  retnan.o(.text)
    .text                                    0x00001358   Section        0  sys_exit.o(.text)
    .text                                    0x00001364   Section        2  use_no_semi.o(.text)
    .text                                    0x00001366   Section        0  indicate_semi.o(.text)
    i.Compass_Heading                        0x00001368   Section        0  ahrs.o(i.Compass_Heading)
    i.Drift_correction                       0x00001490   Section        0  ahrs.o(i.Drift_correction)
    i.Euler_angles                           0x00001650   Section        0  ahrs.o(i.Euler_angles)
    i.Matrix_Multiply                        0x000016d8   Section        0  ahrs.o(i.Matrix_Multiply)
    i.Matrix_update                          0x00001748   Section        0  ahrs.o(i.Matrix_update)
    i.Normalize                              0x00001940   Section        0  ahrs.o(i.Normalize)
    i.SystemInit                             0x00001a58   Section        0  system_armcm0.o(i.SystemInit)
    i.Vector_Add                             0x00001a68   Section        0  ahrs.o(i.Vector_Add)
    i.Vector_Cross_Product                   0x00001a8c   Section        0  ahrs.o(i.Vector_Cross_Product)
    i.Vector_Dot_Product                     0x00001aea   Section        0  ahrs.o(i.Vector_Dot_Product)
    i.Vector_Scale                           0x00001b16   Section        0  ahrs.o(i.Vector_Scale)
    i.__ARM_common_ll_muluu                  0x00001b38   Section        0  rred.o(i.__ARM_common_ll_muluu)
    i.__ARM_fpclassify                       0x00001b6c   Section        0  fpclassify.o(i.__ARM_fpclassify)
    i.__ieee754_rem_pio2                     0x00001b98   Section        0  rred.o(i.__ieee754_rem_pio2)
    i.__kernel_cos                           0x00001f34   Section        0  cos_i.o(i.__kernel_cos)
    i.__kernel_poly                          0x00002028   Section        0  poly.o(i.__kernel_poly)
    i.__kernel_sin                           0x000020d4   Section        0  sin_i.o(i.__kernel_sin)
    i.__mathlib_dbl_infnan                   0x000021c0   Section        0  dunder.o(i.__mathlib_dbl_infnan)
    i.__mathlib_dbl_infnan2                  0x000021ca   Section        0  dunder.o(i.__mathlib_dbl_infnan2)
    i.__mathlib_dbl_invalid                  0x000021d2   Section        0  dunder.o(i.__mathlib_dbl_invalid)
    i.__mathlib_dbl_underflow                0x000021e4   Section        0  dunder.o(i.__mathlib_dbl_underflow)
    i.asin                                   0x000021f8   Section        0  asin.o(i.asin)
    i.atan                                   0x0000246c   Section        0  atan.o(i.atan)
    i.atan2                                  0x00002688   Section        0  atan2.o(i.atan2)
    i.constrain                              0x00002800   Section        0  ahrs.o(i.constrain)
    i.cos                                    0x00002834   Section        0  cos.o(i.cos)
    i.main                                   0x000028cc   Section        0  main.o(i.main)
    i.shm_read                               0x0000298c   Section        0  main.o(i.shm_read)
    i.sin                                    0x000029ac   Section        0  sin.o(i.sin)
    i.sqrt                                   0x00002a48   Section        0  sqrt.o(i.sqrt)
    x$fpl$fadd                               0x00002a90   Section      140  faddsub.o(x$fpl$fadd)
    _fadd1                                   0x00002a9d   Thumb Code     0  faddsub.o(x$fpl$fadd)
    x$fpl$fleqf                              0x00002b1c   Section       84  flef.o(x$fpl$fleqf)
    x$fpl$fmul                               0x00002b70   Section      176  fmul.o(x$fpl$fmul)
    x$fpl$frleqf                             0x00002c20   Section       88  frlef.o(x$fpl$frleqf)
    x$fpl$frsb                               0x00002c78   Section       24  faddsub.o(x$fpl$frsb)
    x$fpl$fsub                               0x00002c90   Section      208  faddsub.o(x$fpl$fsub)
    _fsub1                                   0x00002c9d   Thumb Code     0  faddsub.o(x$fpl$fsub)
    .constdata                               0x00002d60   Section      128  ddiv.o(.constdata)
    x$fpl$usenofp                            0x00002d60   Section        0  usenofp.o(x$fpl$usenofp)
    ddiv_reciptbl                            0x00002d60   Data         128  ddiv.o(.constdata)
    .constdata                               0x00002de0   Section       64  fdiv.o(.constdata)
    fdiv_tab                                 0x00002de0   Data          64  fdiv.o(.constdata)
    .constdata                               0x00002e20   Section       80  asin.o(.constdata)
    pS                                       0x00002e20   Data          48  asin.o(.constdata)
    qS                                       0x00002e50   Data          32  asin.o(.constdata)
    .constdata                               0x00002e70   Section      152  atan.o(.constdata)
    atanhi                                   0x00002e70   Data          32  atan.o(.constdata)
    atanlo                                   0x00002e90   Data          32  atan.o(.constdata)
    aTodd                                    0x00002eb0   Data          40  atan.o(.constdata)
    aTeven                                   0x00002ed8   Data          48  atan.o(.constdata)
    .constdata                               0x00002f08   Section       48  cos_i.o(.constdata)
    C                                        0x00002f08   Data          48  cos_i.o(.constdata)
    .constdata                               0x00002f38   Section        8  qnan.o(.constdata)
    .constdata                               0x00002f40   Section      200  rred.o(.constdata)
    pio2s                                    0x00002f40   Data          48  rred.o(.constdata)
    twooverpi                                0x00002f70   Data         152  rred.o(.constdata)
    .constdata                               0x00003008   Section       40  sin_i.o(.constdata)
    S                                        0x00003008   Data          40  sin_i.o(.constdata)
    .data                                    0x00020000   Section      228  main.o(.data)
    .data                                    0x000200e4   Section        4  system_armcm0.o(.data)
    .bss                                     0x000200e8   Section       24  ahrs.o(.bss)
    Scaled_Omega_P                           0x000200e8   Data          12  ahrs.o(.bss)
    Scaled_Omega_I                           0x000200f4   Data          12  ahrs.o(.bss)
    .bss                                     0x00020100   Section      228  main.o(.bss)
    .bss                                     0x000201e4   Section       96  libspace.o(.bss)
    HEAP                                     0x00020248   Section     3072  startup_armcm0.o(HEAP)
    Heap_Mem                                 0x00020248   Data        3072  startup_armcm0.o(HEAP)
    STACK                                    0x00020e48   Section     1024  startup_armcm0.o(STACK)
    Stack_Mem                                0x00020e48   Data        1024  startup_armcm0.o(STACK)
    __initial_sp                             0x00021248   Data           0  startup_armcm0.o(STACK)

    Global Symbols

    Symbol Name                              Value     Ov Type        Size  Object(Section)

    BuildAttributes$$THM_ISAv3M$S$PE$A:L22$X:L11$S22$IEEE1$IW$USESV6$~STKCKD$USESV7$~SHL$OTIME$ROPI$IEEEX$EBA8$UX$STANDARDLIB$REQ8$PRES8$EABIv2 0x00000000   Number         0  anon$$obj.o ABSOLUTE
    __ARM_use_no_argv                        0x00000000   Number         0  main.o ABSOLUTE
    __Vectors                                0x00000000   Data           4  startup_armcm0.o(RESET)
    __ARM_exceptions_init                     - Undefined Weak Reference
    __alloca_initialize                       - Undefined Weak Reference
    __arm_preinit_                            - Undefined Weak Reference
    __cpp_initialize__aeabi_                  - Undefined Weak Reference
    __cxa_finalize                            - Undefined Weak Reference
    __rt_locale                               - Undefined Weak Reference
    __sigvec_lookup                           - Undefined Weak Reference
    _atexit_init                              - Undefined Weak Reference
    _call_atexit_fns                          - Undefined Weak Reference
    _clock_init                               - Undefined Weak Reference
    _fp_trap_init                             - Undefined Weak Reference
    _fp_trap_shutdown                         - Undefined Weak Reference
    _get_lc_collate                           - Undefined Weak Reference
    _get_lc_ctype                             - Undefined Weak Reference
    _get_lc_monetary                          - Undefined Weak Reference
    _get_lc_numeric                           - Undefined Weak Reference
    _get_lc_time                              - Undefined Weak Reference
    _getenv_init                              - Undefined Weak Reference
    _handle_redirection                       - Undefined Weak Reference
    _init_alloc                               - Undefined Weak Reference
    _init_user_alloc                          - Undefined Weak Reference
    _initio                                   - Undefined Weak Reference
    _rand_init                                - Undefined Weak Reference
    _signal_finish                            - Undefined Weak Reference
    _signal_init                              - Undefined Weak Reference
    _terminate_alloc                          - Undefined Weak Reference
    _terminate_user_alloc                     - Undefined Weak Reference
    _terminateio                              - Undefined Weak Reference
    __Vectors_End                            0x000000c0   Data           0  startup_armcm0.o(RESET)
    __Vectors_Size                           0x000000c0   Number         0  startup_armcm0.o ABSOLUTE
    __main                                   0x000000c1   Thumb Code     8  __main.o(!!!main)
    __scatterload                            0x000000c9   Thumb Code     0  __scatter.o(!!!scatter)
    __scatterload_rt2                        0x000000c9   Thumb Code    52  __scatter.o(!!!scatter)
    __scatterload_rt2_thumb_only             0x000000c9   Thumb Code     0  __scatter.o(!!!scatter)
    __scatterload_null                       0x000000d9   Thumb Code     0  __scatter.o(!!!scatter)
    __scatterload_copy                       0x00000105   Thumb Code    26  __scatter_copy.o(!!handler_copy)
    __scatterload_zeroinit                   0x00000121   Thumb Code    28  __scatter_zi.o(!!handler_zi)
    __rt_lib_init                            0x0000013d   Thumb Code     0  libinit.o(.ARM.Collect$$libinit$$00000000)
    __rt_lib_init_alloca_1                   0x0000013f   Thumb Code     0  libinit2.o(.ARM.Collect$$libinit$$0000002E)
    __rt_lib_init_argv_1                     0x0000013f   Thumb Code     0  libinit2.o(.ARM.Collect$$libinit$$0000002C)
    __rt_lib_init_atexit_1                   0x0000013f   Thumb Code     0  libinit2.o(.ARM.Collect$$libinit$$0000001B)
    __rt_lib_init_clock_1                    0x0000013f   Thumb Code     0  libinit2.o(.ARM.Collect$$libinit$$00000021)
    __rt_lib_init_cpp_1                      0x0000013f   Thumb Code     0  libinit2.o(.ARM.Collect$$libinit$$00000032)
    __rt_lib_init_exceptions_1               0x0000013f   Thumb Code     0  libinit2.o(.ARM.Collect$$libinit$$00000030)
    __rt_lib_init_fp_1                       0x0000013f   Thumb Code     0  libinit2.o(.ARM.Collect$$libinit$$00000002)
    __rt_lib_init_fp_trap_1                  0x0000013f   Thumb Code     0  libinit2.o(.ARM.Collect$$libinit$$0000001F)
    __rt_lib_init_getenv_1                   0x0000013f   Thumb Code     0  libinit2.o(.ARM.Collect$$libinit$$00000023)
    __rt_lib_init_heap_1                     0x0000013f   Thumb Code     0  libinit2.o(.ARM.Collect$$libinit$$0000000A)
    __rt_lib_init_lc_collate_1               0x0000013f   Thumb Code     0  libinit2.o(.ARM.Collect$$libinit$$00000011)
    __rt_lib_init_lc_ctype_1                 0x0000013f   Thumb Code     0  libinit2.o(.ARM.Collect$$libinit$$00000013)
    __rt_lib_init_lc_monetary_1              0x0000013f   Thumb Code     0  libinit2.o(.ARM.Collect$$libinit$$00000015)
    __rt_lib_init_lc_numeric_1               0x0000013f   Thumb Code     0  libinit2.o(.ARM.Collect$$libinit$$00000017)
    __rt_lib_init_lc_time_1                  0x0000013f   Thumb Code     0  libinit2.o(.ARM.Collect$$libinit$$00000019)
    __rt_lib_init_preinit_1                  0x0000013f   Thumb Code     0  libinit2.o(.ARM.Collect$$libinit$$00000004)
    __rt_lib_init_rand_1                     0x0000013f   Thumb Code     0  libinit2.o(.ARM.Collect$$libinit$$0000000E)
    __rt_lib_init_return                     0x0000013f   Thumb Code     0  libinit2.o(.ARM.Collect$$libinit$$00000033)
    __rt_lib_init_signal_1                   0x0000013f   Thumb Code     0  libinit2.o(.ARM.Collect$$libinit$$0000001D)
    __rt_lib_init_stdio_1                    0x0000013f   Thumb Code     0  libinit2.o(.ARM.Collect$$libinit$$00000025)
    __rt_lib_init_user_alloc_1               0x0000013f   Thumb Code     0  libinit2.o(.ARM.Collect$$libinit$$0000000C)
    __rt_lib_shutdown                        0x00000141   Thumb Code     0  libshutdown.o(.ARM.Collect$$libshutdown$$00000000)
    __rt_lib_shutdown_cpp_1                  0x00000143   Thumb Code     0  libshutdown2.o(.ARM.Collect$$libshutdown$$00000002)
    __rt_lib_shutdown_fp_trap_1              0x00000143   Thumb Code     0  libshutdown2.o(.ARM.Collect$$libshutdown$$00000007)
    __rt_lib_shutdown_heap_1                 0x00000143   Thumb Code     0  libshutdown2.o(.ARM.Collect$$libshutdown$$0000000F)
    __rt_lib_shutdown_return                 0x00000143   Thumb Code     0  libshutdown2.o(.ARM.Collect$$libshutdown$$00000010)
    __rt_lib_shutdown_signal_1               0x00000143   Thumb Code     0  libshutdown2.o(.ARM.Collect$$libshutdown$$0000000A)
    __rt_lib_shutdown_stdio_1                0x00000143   Thumb Code     0  libshutdown2.o(.ARM.Collect$$libshutdown$$00000004)
    __rt_lib_shutdown_user_alloc_1           0x00000143   Thumb Code     0  libshutdown2.o(.ARM.Collect$$libshutdown$$0000000C)
    __rt_entry                               0x00000145   Thumb Code     0  __rtentry.o(.ARM.Collect$$rtentry$$00000000)
    __rt_entry_presh_1                       0x00000145   Thumb Code     0  __rtentry2.o(.ARM.Collect$$rtentry$$00000002)
    __rt_entry_sh                            0x00000145   Thumb Code     0  __rtentry4.o(.ARM.Collect$$rtentry$$00000004)
    __rt_entry_li                            0x0000014b   Thumb Code     0  __rtentry2.o(.ARM.Collect$$rtentry$$0000000A)
    __rt_entry_postsh_1                      0x0000014b   Thumb Code     0  __rtentry2.o(.ARM.Collect$$rtentry$$00000009)
    __rt_entry_main                          0x0000014f   Thumb Code     0  __rtentry2.o(.ARM.Collect$$rtentry$$0000000D)
    __rt_entry_postli_1                      0x0000014f   Thumb Code     0  __rtentry2.o(.ARM.Collect$$rtentry$$0000000C)
    __rt_exit                                0x00000157   Thumb Code     0  rtexit.o(.ARM.Collect$$rtexit$$00000000)
    __rt_exit_ls                             0x00000159   Thumb Code     0  rtexit2.o(.ARM.Collect$$rtexit$$00000003)
    __rt_exit_prels_1                        0x00000159   Thumb Code     0  rtexit2.o(.ARM.Collect$$rtexit$$00000002)
    __rt_exit_exit                           0x0000015d   Thumb Code     0  rtexit2.o(.ARM.Collect$$rtexit$$00000004)
    Reset_Handler                            0x00000165   Thumb Code     8  startup_armcm0.o(.text)
    NMI_Handler                              0x0000016d   Thumb Code     2  startup_armcm0.o(.text)
    HardFault_Handler                        0x0000016f   Thumb Code     2  startup_armcm0.o(.text)
    SVC_Handler                              0x00000171   Thumb Code     2  startup_armcm0.o(.text)
    PendSV_Handler                           0x00000173   Thumb Code     2  startup_armcm0.o(.text)
    SysTick_Handler                          0x00000175   Thumb Code     2  startup_armcm0.o(.text)
    AACI_IRQHandler                          0x00000177   Thumb Code     0  startup_armcm0.o(.text)
    CAN_IRQHandler                           0x00000177   Thumb Code     0  startup_armcm0.o(.text)
    CHLCD_IRQHandler                         0x00000177   Thumb Code     0  startup_armcm0.o(.text)
    CLCD_IRQHandler                          0x00000177   Thumb Code     0  startup_armcm0.o(.text)
    CPU_CLCD_IRQHandler                      0x00000177   Thumb Code     0  startup_armcm0.o(.text)
    ENET_IRQHandler                          0x00000177   Thumb Code     0  startup_armcm0.o(.text)
    FLEXRAY_IRQHandler                       0x00000177   Thumb Code     0  startup_armcm0.o(.text)
    I2C_IRQHandler                           0x00000177   Thumb Code     0  startup_armcm0.o(.text)
    LIN_IRQHandler                           0x00000177   Thumb Code     0  startup_armcm0.o(.text)
    MCIA_IRQHandler                          0x00000177   Thumb Code     0  startup_armcm0.o(.text)
    MCIB_IRQHandler                          0x00000177   Thumb Code     0  startup_armcm0.o(.text)
    RTC_IRQHandler                           0x00000177   Thumb Code     0  startup_armcm0.o(.text)
    SPI_IRQHandler                           0x00000177   Thumb Code     0  startup_armcm0.o(.text)
    TIM0_IRQHandler                          0x00000177   Thumb Code     0  startup_armcm0.o(.text)
    TIM2_IRQHandler                          0x00000177   Thumb Code     0  startup_armcm0.o(.text)
    UART0_IRQHandler                         0x00000177   Thumb Code     0  startup_armcm0.o(.text)
    UART1_IRQHandler                         0x00000177   Thumb Code     0  startup_armcm0.o(.text)
    UART2_IRQHandler                         0x00000177   Thumb Code     0  startup_armcm0.o(.text)
    UART3_IRQHandler                         0x00000177   Thumb Code     0  startup_armcm0.o(.text)
    UART4_IRQHandler                         0x00000177   Thumb Code     0  startup_armcm0.o(.text)
    USBDC_IRQHandler                         0x00000177   Thumb Code     0  startup_armcm0.o(.text)
    USBHC_IRQHandler                         0x00000177   Thumb Code     0  startup_armcm0.o(.text)
    WDT_IRQHandler                           0x00000177   Thumb Code     0  startup_armcm0.o(.text)
    __user_initial_stackheap                 0x00000179   Thumb Code    10  startup_armcm0.o(.text)
    __aeabi_uidiv                            0x0000019d   Thumb Code     0  aeabi_sdiv.o(.text)
    __aeabi_uidivmod                         0x0000019d   Thumb Code    20  aeabi_sdiv.o(.text)
    __aeabi_idiv                             0x000001b1   Thumb Code     0  aeabi_sdiv.o(.text)
    __aeabi_idivmod                          0x000001b1   Thumb Code   326  aeabi_sdiv.o(.text)
    __use_two_region_memory                  0x000002f7   Thumb Code     2  heapauxi.o(.text)
    __rt_heap_escrow$2region                 0x000002f9   Thumb Code     2  heapauxi.o(.text)
    __rt_heap_expand$2region                 0x000002fb   Thumb Code     2  heapauxi.o(.text)
    __aeabi_d2f                              0x000002fd   Thumb Code     0  d2f.o(.text)
    _d2f                                     0x000002fd   Thumb Code   120  d2f.o(.text)
    __aeabi_ddiv                             0x00000379   Thumb Code     0  ddiv.o(.text)
    _ddiv                                    0x00000379   Thumb Code  1072  ddiv.o(.text)
    _drdiv                                   0x000007a9   Thumb Code    20  ddiv.o(.text)
    __aeabi_i2d_normalise                    0x000007c1   Thumb Code    66  dflti.o(.text)
    __aeabi_i2d                              0x00000803   Thumb Code    16  dflti.o(.text)
    _dflt                                    0x00000803   Thumb Code     0  dflti.o(.text)
    __aeabi_ui2d                             0x00000813   Thumb Code     6  dflti.o(.text)
    _dfltu                                   0x00000813   Thumb Code     0  dflti.o(.text)
    __aeabi_dmul                             0x00000819   Thumb Code     0  dmul.o(.text)
    _dmul                                    0x00000819   Thumb Code   558  dmul.o(.text)
    __aeabi_f2d                              0x00000a61   Thumb Code     0  f2d.o(.text)
    _f2d                                     0x00000a61   Thumb Code    80  f2d.o(.text)
    __aeabi_fdiv                             0x00000ab5   Thumb Code     0  fdiv.o(.text)
    _fdiv                                    0x00000ab5   Thumb Code   334  fdiv.o(.text)
    _frdiv                                   0x00000c03   Thumb Code     8  fdiv.o(.text)
    __aeabi_f2iz                             0x00000c15   Thumb Code     0  ffixi.o(.text)
    _ffix                                    0x00000c15   Thumb Code    76  ffixi.o(.text)
    __aeabi_i2f_normalise                    0x00000c61   Thumb Code    72  fflti.o(.text)
    __aeabi_i2f                              0x00000ca9   Thumb Code    16  fflti.o(.text)
    _fflt                                    0x00000ca9   Thumb Code     0  fflti.o(.text)
    __aeabi_ui2f                             0x00000cb9   Thumb Code     6  fflti.o(.text)
    _ffltu                                   0x00000cb9   Thumb Code     0  fflti.o(.text)
    __read_errno                             0x00000cbf   Thumb Code    10  _rserrno.o(.text)
    __set_errno                              0x00000cc9   Thumb Code    12  _rserrno.o(.text)
    __aeabi_dadd                             0x00000fcd   Thumb Code     0  daddsub.o(.text)
    _dadd                                    0x00000fcd   Thumb Code    26  daddsub.o(.text)
    __aeabi_dsub                             0x00000fe7   Thumb Code     0  daddsub.o(.text)
    _dsub                                    0x00000fe7   Thumb Code    22  daddsub.o(.text)
    __aeabi_drsub                            0x00000ffd   Thumb Code     0  daddsub.o(.text)
    _drsb                                    0x00000ffd   Thumb Code    28  daddsub.o(.text)
    __ARM_scalbn                             0x0000102d   Thumb Code    84  dscalbn.o(.text)
    _dsqrt                                   0x0000108d   Thumb Code   248  dsqrt.o(.text)
    __fpl_fcmp_InfNaN                        0x0000118d   Thumb Code    96  fcmpin.o(.text)
    __aeabi_errno_addr                       0x000011f1   Thumb Code     8  rt_errno_addr_intlibspace.o(.text)
    __errno$intlibspace                      0x000011f1   Thumb Code     0  rt_errno_addr_intlibspace.o(.text)
    __rt_errno_addr$intlibspace              0x000011f1   Thumb Code     0  rt_errno_addr_intlibspace.o(.text)
    __fpl_cmpreturn                          0x000011f9   Thumb Code    46  cmpret.o(.text)
    __aeabi_d2iz                             0x00001229   Thumb Code     0  dfixi.o(.text)
    _dfix                                    0x00001229   Thumb Code    98  dfixi.o(.text)
    __fpl_fcheck_NaN2                        0x00001295   Thumb Code    10  fnan2.o(.text)
    __user_libspace                          0x000012a5   Thumb Code     8  libspace.o(.text)
    __user_perproc_libspace                  0x000012a5   Thumb Code     0  libspace.o(.text)
    __user_perthread_libspace                0x000012a5   Thumb Code     0  libspace.o(.text)
    __user_setup_stackheap                   0x000012ad   Thumb Code    62  sys_stackheap_outer.o(.text)
    exit                                     0x000012eb   Thumb Code    16  exit.o(.text)
    __fpl_return_NaN                         0x000012fb   Thumb Code    94  retnan.o(.text)
    _sys_exit                                0x00001359   Thumb Code     8  sys_exit.o(.text)
    __I$use$semihosting                      0x00001365   Thumb Code     0  use_no_semi.o(.text)
    __use_no_semihosting_swi                 0x00001365   Thumb Code     2  use_no_semi.o(.text)
    __semihosting_library_function           0x00001367   Thumb Code     0  indicate_semi.o(.text)
    Compass_Heading                          0x00001369   Thumb Code   270  ahrs.o(i.Compass_Heading)
    Drift_correction                         0x00001491   Thumb Code   382  ahrs.o(i.Drift_correction)
    Euler_angles                             0x00001651   Thumb Code   118  ahrs.o(i.Euler_angles)
    Matrix_Multiply                          0x000016d9   Thumb Code   112  ahrs.o(i.Matrix_Multiply)
    Matrix_update                            0x00001749   Thumb Code   428  ahrs.o(i.Matrix_update)
    Normalize                                0x00001941   Thumb Code   266  ahrs.o(i.Normalize)
    SystemInit                               0x00001a59   Thumb Code     8  system_armcm0.o(i.SystemInit)
    Vector_Add                               0x00001a69   Thumb Code    36  ahrs.o(i.Vector_Add)
    Vector_Cross_Product                     0x00001a8d   Thumb Code    94  ahrs.o(i.Vector_Cross_Product)
    Vector_Dot_Product                       0x00001aeb   Thumb Code    44  ahrs.o(i.Vector_Dot_Product)
    Vector_Scale                             0x00001b17   Thumb Code    34  ahrs.o(i.Vector_Scale)
    __ARM_common_ll_muluu                    0x00001b39   Thumb Code    50  rred.o(i.__ARM_common_ll_muluu)
    __ARM_fpclassify                         0x00001b6d   Thumb Code    40  fpclassify.o(i.__ARM_fpclassify)
    __ieee754_rem_pio2                       0x00001b99   Thumb Code   838  rred.o(i.__ieee754_rem_pio2)
    __kernel_cos                             0x00001f35   Thumb Code   224  cos_i.o(i.__kernel_cos)
    __kernel_poly                            0x00002029   Thumb Code   172  poly.o(i.__kernel_poly)
    __kernel_sin                             0x000020d5   Thumb Code   222  sin_i.o(i.__kernel_sin)
    __mathlib_dbl_infnan                     0x000021c1   Thumb Code    10  dunder.o(i.__mathlib_dbl_infnan)
    __mathlib_dbl_infnan2                    0x000021cb   Thumb Code     8  dunder.o(i.__mathlib_dbl_infnan2)
    __mathlib_dbl_invalid                    0x000021d3   Thumb Code    16  dunder.o(i.__mathlib_dbl_invalid)
    __mathlib_dbl_underflow                  0x000021e5   Thumb Code    14  dunder.o(i.__mathlib_dbl_underflow)
    asin                                     0x000021f9   Thumb Code   574  asin.o(i.asin)
    atan                                     0x0000246d   Thumb Code   472  atan.o(i.atan)
    atan2                                    0x00002689   Thumb Code   334  atan2.o(i.atan2)
    constrain                                0x00002801   Thumb Code    50  ahrs.o(i.constrain)
    cos                                      0x00002835   Thumb Code   142  cos.o(i.cos)
    main                                     0x000028cd   Thumb Code   146  main.o(i.main)
    shm_read                                 0x0000298d   Thumb Code    24  main.o(i.shm_read)
    sin                                      0x000029ad   Thumb Code   146  sin.o(i.sin)
    sqrt                                     0x00002a49   Thumb Code    66  sqrt.o(i.sqrt)
    __aeabi_fadd                             0x00002a91   Thumb Code     0  faddsub.o(x$fpl$fadd)
    _fadd                                    0x00002a91   Thumb Code   134  faddsub.o(x$fpl$fadd)
    __aeabi_cfcmple                          0x00002b1d   Thumb Code     0  flef.o(x$fpl$fleqf)
    _fcmple                                  0x00002b1d   Thumb Code    78  flef.o(x$fpl$fleqf)
    __aeabi_fmul                             0x00002b71   Thumb Code     0  fmul.o(x$fpl$fmul)
    _fmul                                    0x00002b71   Thumb Code   172  fmul.o(x$fpl$fmul)
    __aeabi_cfrcmple                         0x00002c21   Thumb Code     0  frlef.o(x$fpl$frleqf)
    _frcmple                                 0x00002c21   Thumb Code    84  frlef.o(x$fpl$frleqf)
    __aeabi_frsub                            0x00002c79   Thumb Code     0  faddsub.o(x$fpl$frsb)
    _frsb                                    0x00002c79   Thumb Code    24  faddsub.o(x$fpl$frsb)
    __aeabi_fsub                             0x00002c91   Thumb Code     0  faddsub.o(x$fpl$fsub)
    _fsub                                    0x00002c91   Thumb Code   204  faddsub.o(x$fpl$fsub)
    __I$use$fp                               0x00002d60   Number         0  usenofp.o(x$fpl$usenofp)
    __mathlib_zero                           0x00002f38   Data           8  qnan.o(.constdata)
    Region$$Table$$Base                      0x00003030   Number         0  anon$$obj.o(Region$$Table)
    Region$$Table$$Limit                     0x00003050   Number         0  anon$$obj.o(Region$$Table)
    shm                                      0x00020000   Data           4  main.o(.data)
    sema                                     0x00020004   Data           4  main.o(.data)
    sharedLEDStates                          0x00020008   Data           4  main.o(.data)
    shared_address                           0x0002000c   Data           4  main.o(.data)
    sequenceComplete                         0x00020010   Data           1  main.o(.data)
    sensors                                  0x00020014   Data          12  main.o(.data)
    SENSOR_SIGN                              0x00020020   Data          36  main.o(.data)
    G_Dt                                     0x00020044   Data           4  main.o(.data)
    timer                                    0x00020048   Data           4  main.o(.data)
    timer_old                                0x0002004c   Data           4  main.o(.data)
    timer24                                  0x00020050   Data           4  main.o(.data)
    accel_x                                  0x00020054   Data           4  main.o(.data)
    accel_y                                  0x00020058   Data           4  main.o(.data)
    accel_z                                  0x0002005c   Data           4  main.o(.data)
    magnetom_x                               0x00020060   Data           4  main.o(.data)
    magnetom_y                               0x00020064   Data           4  main.o(.data)
    magnetom_z                               0x00020068   Data           4  main.o(.data)
    gyro_x                                   0x0002006c   Data           4  main.o(.data)
    gyro_y                                   0x00020070   Data           4  main.o(.data)
    gyro_z                                   0x00020074   Data           4  main.o(.data)
    MAG_Heading                              0x00020078   Data           4  main.o(.data)
    roll                                     0x0002007c   Data           4  main.o(.data)
    pitch                                    0x00020080   Data           4  main.o(.data)
    yaw                                      0x00020084   Data           4  main.o(.data)
    counter                                  0x00020088   Data           4  main.o(.data)
    gyro_sat                                 0x0002008c   Data           4  main.o(.data)
    DCM_Matrix                               0x00020090   Data          36  main.o(.data)
    Update_Matrix                            0x000200b4   Data          36  main.o(.data)
    main_loop_counter                        0x000200d8   Data           4  main.o(.data)
    LEDstate                                 0x000200dc   Data           4  main.o(.data)
    loop                                     0x000200e0   Data           4  main.o(.data)
    SystemCoreClock                          0x000200e4   Data           4  system_armcm0.o(.data)
    Sensor_raw_data                          0x00020100   Data          36  main.o(.bss)
    AN                                       0x00020124   Data          24  main.o(.bss)
    AN_OFFSET                                0x0002013c   Data          24  main.o(.bss)
    ACC                                      0x00020154   Data          12  main.o(.bss)
    Accel_Vector                             0x00020160   Data          12  main.o(.bss)
    Gyro_Vector                              0x0002016c   Data          12  main.o(.bss)
    Omega_Vector                             0x00020178   Data          12  main.o(.bss)
    Omega_P                                  0x00020184   Data          12  main.o(.bss)
    Omega_I                                  0x00020190   Data          12  main.o(.bss)
    Omega                                    0x0002019c   Data          12  main.o(.bss)
    errorRollPitch                           0x000201a8   Data          12  main.o(.bss)
    errorYaw                                 0x000201b4   Data          12  main.o(.bss)
    Temporary_Matrix                         0x000201c0   Data          36  main.o(.bss)
    __libspace_start                         0x000201e4   Data          96  libspace.o(.bss)
    __temporary_stack_top$libspace           0x00020244   Data           0  libspace.o(.bss)



==============================================================================

Memory Map of the image

  Image Entry point : 0x000000c1

  Load Region LR_IROM1 (Base: 0x00000000, Size: 0x00003138, Max: 0x00080000, ABSOLUTE)

    Execution Region ER_IROM1 (Base: 0x00000000, Size: 0x00003050, Max: 0x00080000, ABSOLUTE)

    Base Addr    Size         Type   Attr      Idx    E Section Name        Object

    0x00000000   0x000000c0   Data   RO          154    RESET               startup_armcm0.o
    0x000000c0   0x00000008   Code   RO          212  * !!!main             c_p.l(__main.o)
    0x000000c8   0x0000003c   Code   RO          528    !!!scatter          c_p.l(__scatter.o)
    0x00000104   0x0000001a   Code   RO          530    !!handler_copy      c_p.l(__scatter_copy.o)
    0x0000011e   0x00000002   PAD
    0x00000120   0x0000001c   Code   RO          532    !!handler_zi        c_p.l(__scatter_zi.o)
    0x0000013c   0x00000002   Code   RO          396    .ARM.Collect$$libinit$$00000000  c_p.l(libinit.o)
    0x0000013e   0x00000000   Code   RO          411    .ARM.Collect$$libinit$$00000002  c_p.l(libinit2.o)
    0x0000013e   0x00000000   Code   RO          413    .ARM.Collect$$libinit$$00000004  c_p.l(libinit2.o)
    0x0000013e   0x00000000   Code   RO          416    .ARM.Collect$$libinit$$0000000A  c_p.l(libinit2.o)
    0x0000013e   0x00000000   Code   RO          418    .ARM.Collect$$libinit$$0000000C  c_p.l(libinit2.o)
    0x0000013e   0x00000000   Code   RO          420    .ARM.Collect$$libinit$$0000000E  c_p.l(libinit2.o)
    0x0000013e   0x00000000   Code   RO          423    .ARM.Collect$$libinit$$00000011  c_p.l(libinit2.o)
    0x0000013e   0x00000000   Code   RO          425    .ARM.Collect$$libinit$$00000013  c_p.l(libinit2.o)
    0x0000013e   0x00000000   Code   RO          427    .ARM.Collect$$libinit$$00000015  c_p.l(libinit2.o)
    0x0000013e   0x00000000   Code   RO          429    .ARM.Collect$$libinit$$00000017  c_p.l(libinit2.o)
    0x0000013e   0x00000000   Code   RO          431    .ARM.Collect$$libinit$$00000019  c_p.l(libinit2.o)
    0x0000013e   0x00000000   Code   RO          433    .ARM.Collect$$libinit$$0000001B  c_p.l(libinit2.o)
    0x0000013e   0x00000000   Code   RO          435    .ARM.Collect$$libinit$$0000001D  c_p.l(libinit2.o)
    0x0000013e   0x00000000   Code   RO          437    .ARM.Collect$$libinit$$0000001F  c_p.l(libinit2.o)
    0x0000013e   0x00000000   Code   RO          439    .ARM.Collect$$libinit$$00000021  c_p.l(libinit2.o)
    0x0000013e   0x00000000   Code   RO          441    .ARM.Collect$$libinit$$00000023  c_p.l(libinit2.o)
    0x0000013e   0x00000000   Code   RO          443    .ARM.Collect$$libinit$$00000025  c_p.l(libinit2.o)
    0x0000013e   0x00000000   Code   RO          447    .ARM.Collect$$libinit$$0000002C  c_p.l(libinit2.o)
    0x0000013e   0x00000000   Code   RO          449    .ARM.Collect$$libinit$$0000002E  c_p.l(libinit2.o)
    0x0000013e   0x00000000   Code   RO          451    .ARM.Collect$$libinit$$00000030  c_p.l(libinit2.o)
    0x0000013e   0x00000000   Code   RO          453    .ARM.Collect$$libinit$$00000032  c_p.l(libinit2.o)
    0x0000013e   0x00000002   Code   RO          454    .ARM.Collect$$libinit$$00000033  c_p.l(libinit2.o)
    0x00000140   0x00000002   Code   RO          485    .ARM.Collect$$libshutdown$$00000000  c_p.l(libshutdown.o)
    0x00000142   0x00000000   Code   RO          511    .ARM.Collect$$libshutdown$$00000002  c_p.l(libshutdown2.o)
    0x00000142   0x00000000   Code   RO          513    .ARM.Collect$$libshutdown$$00000004  c_p.l(libshutdown2.o)
    0x00000142   0x00000000   Code   RO          516    .ARM.Collect$$libshutdown$$00000007  c_p.l(libshutdown2.o)
    0x00000142   0x00000000   Code   RO          519    .ARM.Collect$$libshutdown$$0000000A  c_p.l(libshutdown2.o)
    0x00000142   0x00000000   Code   RO          521    .ARM.Collect$$libshutdown$$0000000C  c_p.l(libshutdown2.o)
    0x00000142   0x00000000   Code   RO          524    .ARM.Collect$$libshutdown$$0000000F  c_p.l(libshutdown2.o)
    0x00000142   0x00000002   Code   RO          525    .ARM.Collect$$libshutdown$$00000010  c_p.l(libshutdown2.o)
    0x00000144   0x00000000   Code   RO          286    .ARM.Collect$$rtentry$$00000000  c_p.l(__rtentry.o)
    0x00000144   0x00000000   Code   RO          350    .ARM.Collect$$rtentry$$00000002  c_p.l(__rtentry2.o)
    0x00000144   0x00000006   Code   RO          362    .ARM.Collect$$rtentry$$00000004  c_p.l(__rtentry4.o)
    0x0000014a   0x00000000   Code   RO          352    .ARM.Collect$$rtentry$$00000009  c_p.l(__rtentry2.o)
    0x0000014a   0x00000004   Code   RO          353    .ARM.Collect$$rtentry$$0000000A  c_p.l(__rtentry2.o)
    0x0000014e   0x00000000   Code   RO          355    .ARM.Collect$$rtentry$$0000000C  c_p.l(__rtentry2.o)
    0x0000014e   0x00000008   Code   RO          356    .ARM.Collect$$rtentry$$0000000D  c_p.l(__rtentry2.o)
    0x00000156   0x00000002   Code   RO          402    .ARM.Collect$$rtexit$$00000000  c_p.l(rtexit.o)
    0x00000158   0x00000000   Code   RO          458    .ARM.Collect$$rtexit$$00000002  c_p.l(rtexit2.o)
    0x00000158   0x00000004   Code   RO          459    .ARM.Collect$$rtexit$$00000003  c_p.l(rtexit2.o)
    0x0000015c   0x00000006   Code   RO          460    .ARM.Collect$$rtexit$$00000004  c_p.l(rtexit2.o)
    0x00000162   0x00000002   PAD
    0x00000164   0x00000038   Code   RO          155    .text               startup_armcm0.o
    0x0000019c   0x0000015a   Code   RO          206    .text               c_p.l(aeabi_sdiv.o)
    0x000002f6   0x00000006   Code   RO          210    .text               c_p.l(heapauxi.o)
    0x000002fc   0x0000007c   Code   RO          214    .text               fz_ps.l(d2f.o)
    0x00000378   0x00000448   Code   RO          216    .text               fz_ps.l(ddiv.o)
    0x000007c0   0x00000058   Code   RO          219    .text               fz_ps.l(dflti.o)
    0x00000818   0x00000248   Code   RO          221    .text               fz_ps.l(dmul.o)
    0x00000a60   0x00000054   Code   RO          223    .text               fz_ps.l(f2d.o)
    0x00000ab4   0x00000160   Code   RO          231    .text               fz_ps.l(fdiv.o)
    0x00000c14   0x0000004c   Code   RO          234    .text               fz_ps.l(ffixi.o)
    0x00000c60   0x0000005e   Code   RO          236    .text               fz_ps.l(fflti.o)
    0x00000cbe   0x00000016   Code   RO          291    .text               c_p.l(_rserrno.o)
    0x00000cd4   0x00000358   Code   RO          293    .text               fz_ps.l(daddsub.o)
    0x0000102c   0x00000060   Code   RO          297    .text               fz_ps.l(dscalbn.o)
    0x0000108c   0x00000100   Code   RO          299    .text               fz_ps.l(dsqrt.o)
    0x0000118c   0x00000064   Code   RO          301    .text               fz_ps.l(fcmpin.o)
    0x000011f0   0x00000008   Code   RO          369    .text               c_p.l(rt_errno_addr_intlibspace.o)
    0x000011f8   0x0000002e   Code   RO          371    .text               fz_ps.l(cmpret.o)
    0x00001226   0x00000002   PAD
    0x00001228   0x0000006c   Code   RO          375    .text               fz_ps.l(dfixi.o)
    0x00001294   0x00000010   Code   RO          377    .text               fz_ps.l(fnan2.o)
    0x000012a4   0x00000008   Code   RO          379    .text               c_p.l(libspace.o)
    0x000012ac   0x0000003e   Code   RO          382    .text               c_p.l(sys_stackheap_outer.o)
    0x000012ea   0x00000010   Code   RO          385    .text               c_p.l(exit.o)
    0x000012fa   0x0000005e   Code   RO          399    .text               fz_ps.l(retnan.o)
    0x00001358   0x0000000c   Code   RO          455    .text               c_p.l(sys_exit.o)
    0x00001364   0x00000002   Code   RO          474    .text               c_p.l(use_no_semi.o)
    0x00001366   0x00000000   Code   RO          476    .text               c_p.l(indicate_semi.o)
    0x00001366   0x00000002   PAD
    0x00001368   0x00000128   Code   RO            1    i.Compass_Heading   ahrs.o
    0x00001490   0x000001c0   Code   RO            2    i.Drift_correction  ahrs.o
    0x00001650   0x00000088   Code   RO            3    i.Euler_angles      ahrs.o
    0x000016d8   0x00000070   Code   RO            4    i.Matrix_Multiply   ahrs.o
    0x00001748   0x000001f8   Code   RO            5    i.Matrix_update     ahrs.o
    0x00001940   0x00000118   Code   RO            6    i.Normalize         ahrs.o
    0x00001a58   0x00000010   Code   RO          163    i.SystemInit        system_armcm0.o
    0x00001a68   0x00000024   Code   RO            7    i.Vector_Add        ahrs.o
    0x00001a8c   0x0000005e   Code   RO            8    i.Vector_Cross_Product  ahrs.o
    0x00001aea   0x0000002c   Code   RO            9    i.Vector_Dot_Product  ahrs.o
    0x00001b16   0x00000022   Code   RO           10    i.Vector_Scale      ahrs.o
    0x00001b38   0x00000032   Code   RO          341    i.__ARM_common_ll_muluu  m_ps.l(rred.o)
    0x00001b6a   0x00000002   PAD
    0x00001b6c   0x0000002c   Code   RO          331    i.__ARM_fpclassify  m_ps.l(fpclassify.o)
    0x00001b98   0x0000039c   Code   RO          336    i.__ieee754_rem_pio2  m_ps.l(rred.o)
    0x00001f34   0x000000f4   Code   RO          314    i.__kernel_cos      m_ps.l(cos_i.o)
    0x00002028   0x000000ac   Code   RO          333    i.__kernel_poly     m_ps.l(poly.o)
    0x000020d4   0x000000ec   Code   RO          343    i.__kernel_sin      m_ps.l(sin_i.o)
    0x000021c0   0x0000000a   Code   RO          318    i.__mathlib_dbl_infnan  m_ps.l(dunder.o)
    0x000021ca   0x00000008   Code   RO          319    i.__mathlib_dbl_infnan2  m_ps.l(dunder.o)
    0x000021d2   0x00000010   Code   RO          320    i.__mathlib_dbl_invalid  m_ps.l(dunder.o)
    0x000021e2   0x00000002   PAD
    0x000021e4   0x00000014   Code   RO          323    i.__mathlib_dbl_underflow  m_ps.l(dunder.o)
    0x000021f8   0x00000274   Code   RO          245    i.asin              m_ps.l(asin.o)
    0x0000246c   0x0000021c   Code   RO          305    i.atan              m_ps.l(atan.o)
    0x00002688   0x00000178   Code   RO          255    i.atan2             m_ps.l(atan2.o)
    0x00002800   0x00000032   Code   RO           11    i.constrain         ahrs.o
    0x00002832   0x00000002   PAD
    0x00002834   0x00000098   Code   RO          263    i.cos               m_ps.l(cos.o)
    0x000028cc   0x000000c0   Code   RO           88    i.main              main.o
    0x0000298c   0x00000020   Code   RO           92    i.shm_read          main.o
    0x000029ac   0x0000009c   Code   RO          271    i.sin               m_ps.l(sin.o)
    0x00002a48   0x00000048   Code   RO          279    i.sqrt              m_ps.l(sqrt.o)
    0x00002a90   0x0000008c   Code   RO          225    x$fpl$fadd          fz_ps.l(faddsub.o)
    0x00002b1c   0x00000054   Code   RO          238    x$fpl$fleqf         fz_ps.l(flef.o)
    0x00002b70   0x000000b0   Code   RO          240    x$fpl$fmul          fz_ps.l(fmul.o)
    0x00002c20   0x00000058   Code   RO          242    x$fpl$frleqf        fz_ps.l(frlef.o)
    0x00002c78   0x00000018   Code   RO          226    x$fpl$frsb          fz_ps.l(faddsub.o)
    0x00002c90   0x000000d0   Code   RO          227    x$fpl$fsub          fz_ps.l(faddsub.o)
    0x00002d60   0x00000000   Code   RO          303    x$fpl$usenofp       fz_ps.l(usenofp.o)
    0x00002d60   0x00000080   Data   RO          217    .constdata          fz_ps.l(ddiv.o)
    0x00002de0   0x00000040   Data   RO          232    .constdata          fz_ps.l(fdiv.o)
    0x00002e20   0x00000050   Data   RO          246    .constdata          m_ps.l(asin.o)
    0x00002e70   0x00000098   Data   RO          306    .constdata          m_ps.l(atan.o)
    0x00002f08   0x00000030   Data   RO          315    .constdata          m_ps.l(cos_i.o)
    0x00002f38   0x00000008   Data   RO          335    .constdata          m_ps.l(qnan.o)
    0x00002f40   0x000000c8   Data   RO          338    .constdata          m_ps.l(rred.o)
    0x00003008   0x00000028   Data   RO          344    .constdata          m_ps.l(sin_i.o)
    0x00003030   0x00000020   Data   RO          526    Region$$Table       anon$$obj.o


    Execution Region RW_IRAM1 (Base: 0x00020000, Size: 0x00001248, Max: 0x00020000, ABSOLUTE)

    Base Addr    Size         Type   Attr      Idx    E Section Name        Object

    0x00020000   0x000000e4   Data   RW           95    .data               main.o
    0x000200e4   0x00000004   Data   RW          164    .data               system_armcm0.o
    0x000200e8   0x00000018   Zero   RW           12    .bss                ahrs.o
    0x00020100   0x000000e4   Zero   RW           94    .bss                main.o
    0x000201e4   0x00000060   Zero   RW          380    .bss                c_p.l(libspace.o)
    0x00020244   0x00000004   PAD
    0x00020248   0x00000c00   Zero   RW          153    HEAP                startup_armcm0.o
    0x00020e48   0x00000400   Zero   RW          152    STACK               startup_armcm0.o


==============================================================================

Image component sizes


      Code (inc. data)   RO Data    RW Data    ZI Data      Debug   Object Name

      2034        200          0          0         24       7770   ahrs.o
       224         54          0        228        228       6637   main.o
        56         26        192          0       4096        664   startup_armcm0.o
        16          8          0          4          0        591   system_armcm0.o

    ----------------------------------------------------------------------
      2332        288        224        232       4348      15662   Object Totals
         0          0         32          0          0          0   (incl. Generated)
         2          0          0          0          0          0   (incl. Padding)

    ----------------------------------------------------------------------

      Code (inc. data)   RO Data    RW Data    ZI Data      Debug   Library Member Name

         8          0          0          0          0         68   __main.o
         0          0          0          0          0          0   __rtentry.o
        12          0          0          0          0          0   __rtentry2.o
         6          0          0          0          0          0   __rtentry4.o
        60          8          0          0          0          0   __scatter.o
        26          0          0          0          0          0   __scatter_copy.o
        28          0          0          0          0          0   __scatter_zi.o
        22          0          0          0          0         92   _rserrno.o
       346          0          0          0          0         92   aeabi_sdiv.o
        16          0          0          0          0         68   exit.o
         6          0          0          0          0        136   heapauxi.o
         0          0          0          0          0          0   indicate_semi.o
         2          0          0          0          0          0   libinit.o
         2          0          0          0          0          0   libinit2.o
         2          0          0          0          0          0   libshutdown.o
         2          0          0          0          0          0   libshutdown2.o
         8          4          0          0         96         68   libspace.o
         8          4          0          0          0         68   rt_errno_addr_intlibspace.o
         2          0          0          0          0          0   rtexit.o
        10          0          0          0          0          0   rtexit2.o
        12          4          0          0          0         60   sys_exit.o
        62          0          0          0          0         80   sys_stackheap_outer.o
         2          0          0          0          0         68   use_no_semi.o
        46          0          0          0          0         60   cmpret.o
       124          4          0          0          0         72   d2f.o
       856         20          0          0          0        208   daddsub.o
      1096         26        128          0          0        112   ddiv.o
       108         10          0          0          0         72   dfixi.o
        88          0          0          0          0         92   dflti.o
       584         26          0          0          0         84   dmul.o
        96         12          0          0          0         72   dscalbn.o
       256          8          0          0          0         76   dsqrt.o
        84          4          0          0          0         60   f2d.o
       372          8          0          0          0        240   faddsub.o
       100          4          0          0          0         68   fcmpin.o
       352         10         64          0          0         92   fdiv.o
        76          0          0          0          0         68   ffixi.o
        94          0          0          0          0         92   fflti.o
        84          4          0          0          0         76   flef.o
       176          4          0          0          0         80   fmul.o
        16          6          0          0          0         68   fnan2.o
        88          4          0          0          0         76   frlef.o
        94          0          0          0          0         68   retnan.o
         0          0          0          0          0          0   usenofp.o
       628         54         80          0          0        104   asin.o
       540         68        152          0          0        112   atan.o
       376         42          0          0          0        144   atan2.o
       152         10          0          0          0        104   cos.o
       244         20         48          0          0         92   cos_i.o
        54          6          0          0          0        272   dunder.o
        44          4          0          0          0         60   fpclassify.o
       172          0          0          0          0         76   poly.o
         0          0          8          0          0          0   qnan.o
       974         86        200          0          0        200   rred.o
       156         10          0          0          0        104   sin.o
       236         14         40          0          0        100   sin_i.o
        72          6          0          0          0         76   sqrt.o

    ----------------------------------------------------------------------
      9092        490        720          0        100       4080   Library Totals
        12          0          0          0          4          0   (incl. Padding)

    ----------------------------------------------------------------------

      Code (inc. data)   RO Data    RW Data    ZI Data      Debug   Library Name

       642         20          0          0         96        800   c_p.l
      4790        150        192          0          0       1836   fz_ps.l
      3648        320        528          0          0       1444   m_ps.l

    ----------------------------------------------------------------------
      9092        490        720          0        100       4080   Library Totals

    ----------------------------------------------------------------------

==============================================================================


      Code (inc. data)   RO Data    RW Data    ZI Data      Debug   

     11424        778        944        232       4448      17210   Grand Totals
     11424        778        944        232       4448      17210   ELF Image Totals
     11424        778        944        232          0          0   ROM Totals

==============================================================================

    Total RO  Size (Code + RO Data)                12368 (  12.08kB)
    Total RW  Size (RW Data + ZI Data)              4680 (   4.57kB)
    Total ROM Size (Code + RO Data + RW Data)      12600 (  12.30kB)

==============================================================================

